{"action":"unknown","eventId":"a3a974dc-32a7-4a0e-bc6f-d46eb7cb070a","eventType":"system_health_check","level":"\u001b[32minfo\u001b[39m","message":"\u001b[32mAudit event processed\u001b[39m","resource":"system:kafka-monitor","timestamp":"2025-10-12 23:12:35:1235"}
{"action":"unknown","eventId":"865832bd-3c71-4176-9770-a6bae1eaa924","eventType":"system_health_check","level":"\u001b[32minfo\u001b[39m","message":"\u001b[32mAudit event processed\u001b[39m","resource":"system:kafka-monitor","timestamp":"2025-10-12 23:12:35:1235"}
{"action":"unknown","eventId":"be6bd4d8-c4ac-46c2-a757-2bc0a6905b31","eventType":"system_health_check","level":"\u001b[32minfo\u001b[39m","message":"\u001b[32mAudit event processed\u001b[39m","resource":"system:integration-test","timestamp":"2025-10-12 23:12:35:1235"}
{"action":"unknown","eventId":"fa0d72f0-8286-4fec-ac6b-aeed6acf142f","eventType":"system_health_check","level":"\u001b[32minfo\u001b[39m","message":"\u001b[32mAudit event processed\u001b[39m","resource":"system:kafka-monitor","timestamp":"2025-10-12 23:12:35:1235"}
{"action":"unknown","eventId":"5df23689-b052-47fc-8f2a-77293560bcd2","eventType":"system_health_check","level":"\u001b[32minfo\u001b[39m","message":"\u001b[32mAudit event processed\u001b[39m","resource":"system:kafka-monitor","timestamp":"2025-10-12 23:12:35:1235"}
{"action":"unknown","eventId":"248c984d-793f-4003-8f7d-fddf92d15baa","eventType":"system_health_check","level":"\u001b[32minfo\u001b[39m","message":"\u001b[32mAudit event processed\u001b[39m","resource":"system:integration-test","timestamp":"2025-10-12 23:12:35:1235"}
{"action":"unknown","eventId":"5c13fe19-7934-43b9-8b1e-b4bb78ea2a75","eventType":"system_health_check","level":"\u001b[32minfo\u001b[39m","message":"\u001b[32mAudit event processed\u001b[39m","resource":"system:kafka-monitor","timestamp":"2025-10-12 23:13:32:1332"}
{"action":"unknown","eventId":"c475d9d5-bc6b-4d0c-ae79-8be59a62d3d2","eventType":"system_health_check","level":"\u001b[32minfo\u001b[39m","message":"\u001b[32mAudit event processed\u001b[39m","resource":"system:kafka-monitor","timestamp":"2025-10-12 23:13:32:1332"}
{"action":"unknown","eventId":"92d785cd-f236-4edf-a9ed-5bbd25b513ac","eventType":"system_health_check","level":"\u001b[32minfo\u001b[39m","message":"\u001b[32mAudit event processed\u001b[39m","resource":"system:integration-test","timestamp":"2025-10-12 23:13:32:1332"}
{"action":"unknown","eventId":"1bc6446d-4ac7-473a-8003-1ecba3a7e2e7","eventType":"system_health_check","level":"\u001b[32minfo\u001b[39m","message":"\u001b[32mAudit event processed\u001b[39m","resource":"system:kafka-monitor","timestamp":"2025-10-12 23:13:50:1350"}
{"action":"unknown","eventId":"47a0ec6a-f115-4bf0-8ce0-a8d1c3c6ba04","eventType":"system_health_check","level":"\u001b[32minfo\u001b[39m","message":"\u001b[32mAudit event processed\u001b[39m","resource":"system:kafka-monitor","timestamp":"2025-10-12 23:13:50:1350"}
{"action":"unknown","eventId":"e3322710-3d42-44ed-8994-6aa25d713620","eventType":"system_health_check","level":"\u001b[32minfo\u001b[39m","message":"\u001b[32mAudit event processed\u001b[39m","resource":"system:integration-test","timestamp":"2025-10-12 23:13:50:1350"}
{"action":"unknown","eventId":"ebb3a1d6-25f0-4495-a2a5-a3ec2b749e6a","eventType":"system_health_check","level":"\u001b[32minfo\u001b[39m","message":"\u001b[32mAudit event processed\u001b[39m","resource":"system:kafka-monitor","timestamp":"2025-10-12 23:14:02:142"}
{"action":"unknown","eventId":"f5ca99ef-0c67-41b3-8104-1f8ff0945306","eventType":"system_health_check","level":"\u001b[32minfo\u001b[39m","message":"\u001b[32mAudit event processed\u001b[39m","resource":"system:kafka-monitor","timestamp":"2025-10-12 23:14:02:142"}
{"action":"unknown","eventId":"021bcec0-5272-481f-8244-4c3ddec87313","eventType":"system_health_check","level":"\u001b[32minfo\u001b[39m","message":"\u001b[32mAudit event processed\u001b[39m","resource":"system:integration-test","timestamp":"2025-10-12 23:14:02:142"}
{"action":"unknown","eventId":"ec4b06ab-c499-4caa-8c64-5ab008fda44c","eventType":"system_health_check","level":"\u001b[32minfo\u001b[39m","message":"\u001b[32mAudit event processed\u001b[39m","resource":"system:kafka-monitor","timestamp":"2025-10-12 23:14:16:1416"}
{"action":"unknown","eventId":"654ff2e3-f239-461f-80ca-68fd9d65eb89","eventType":"system_health_check","level":"\u001b[32minfo\u001b[39m","message":"\u001b[32mAudit event processed\u001b[39m","resource":"system:kafka-monitor","timestamp":"2025-10-12 23:14:17:1417"}
{"action":"unknown","eventId":"70746ae6-f869-4832-9795-6516820539a8","eventType":"system_health_check","level":"\u001b[32minfo\u001b[39m","message":"\u001b[32mAudit event processed\u001b[39m","resource":"system:integration-test","timestamp":"2025-10-12 23:14:17:1417"}
{"action":"unknown","eventId":"09220f3b-6443-4da5-8637-a3083b91ce29","eventType":"system_health_check","level":"\u001b[32minfo\u001b[39m","message":"\u001b[32mAudit event processed\u001b[39m","resource":"system:kafka-monitor","timestamp":"2025-10-12 23:14:38:1438"}
{"action":"unknown","eventId":"3d250836-8336-4429-8091-c32f7c286574","eventType":"system_health_check","level":"\u001b[32minfo\u001b[39m","message":"\u001b[32mAudit event processed\u001b[39m","resource":"system:kafka-monitor","timestamp":"2025-10-12 23:14:38:1438"}
{"action":"unknown","eventId":"e665ab66-50f7-4d09-b5db-0d1727b43849","eventType":"system_health_check","level":"\u001b[32minfo\u001b[39m","message":"\u001b[32mAudit event processed\u001b[39m","resource":"system:integration-test","timestamp":"2025-10-12 23:14:38:1438"}
{"action":"unknown","eventId":"b4cd23f5-ca21-4ec9-8c3c-c30766fce5cc","eventType":"system_health_check","level":"\u001b[32minfo\u001b[39m","message":"\u001b[32mAudit event processed\u001b[39m","resource":"system:kafka-monitor","timestamp":"2025-10-12 23:14:53:1453"}
{"action":"unknown","eventId":"2262828c-d5f9-4306-94ce-d4c90d910353","eventType":"system_health_check","level":"\u001b[32minfo\u001b[39m","message":"\u001b[32mAudit event processed\u001b[39m","resource":"system:kafka-monitor","timestamp":"2025-10-12 23:14:53:1453"}
{"action":"unknown","eventId":"8500787d-3ad2-4669-acf4-48b8ecd8c90c","eventType":"system_health_check","level":"\u001b[32minfo\u001b[39m","message":"\u001b[32mAudit event processed\u001b[39m","resource":"system:integration-test","timestamp":"2025-10-12 23:14:53:1453"}
{"action":"unknown","eventId":"7ee643ef-a367-47fa-963a-bc9364a8425c","eventType":"system_health_check","level":"\u001b[32minfo\u001b[39m","message":"\u001b[32mAudit event processed\u001b[39m","resource":"system:kafka-monitor","timestamp":"2025-10-12 23:15:13:1513"}
{"action":"unknown","eventId":"9199abd0-8db3-4d9a-94e9-bca399eb6342","eventType":"system_health_check","level":"\u001b[32minfo\u001b[39m","message":"\u001b[32mAudit event processed\u001b[39m","resource":"system:kafka-monitor","timestamp":"2025-10-12 23:15:13:1513"}
{"action":"unknown","eventId":"dd8a59b5-64f6-4421-9347-d69c1c121120","eventType":"system_health_check","level":"\u001b[32minfo\u001b[39m","message":"\u001b[32mAudit event processed\u001b[39m","resource":"system:integration-test","timestamp":"2025-10-12 23:15:13:1513"}
{"action":"unknown","eventId":"3d476918-c3c5-4cab-8a79-f5f0f5122f86","eventType":"system_health_check","level":"\u001b[32minfo\u001b[39m","message":"\u001b[32mAudit event processed\u001b[39m","resource":"system:kafka-monitor","timestamp":"2025-10-12 23:15:35:1535"}
{"action":"unknown","eventId":"43b98033-024b-429d-9e78-57fd1d117e5b","eventType":"system_health_check","level":"\u001b[32minfo\u001b[39m","message":"\u001b[32mAudit event processed\u001b[39m","resource":"system:kafka-monitor","timestamp":"2025-10-12 23:15:36:1536"}
{"action":"unknown","eventId":"840e2477-e670-405a-9790-38b882d98997","eventType":"system_health_check","level":"\u001b[32minfo\u001b[39m","message":"\u001b[32mAudit event processed\u001b[39m","resource":"system:integration-test","timestamp":"2025-10-12 23:15:36:1536"}
{"eventId":"3df3dcd0-7c9c-4868-9879-2009764e062d","eventType":"system_health_check","level":"\u001b[32minfo\u001b[39m","message":"\u001b[32mAnalytics event processed\u001b[39m","timestamp":"2025-10-13 00:14:33:1433"}
{"eventId":"7910e857-9589-406f-8d31-53403243306a","eventType":"system_health_check","level":"\u001b[32minfo\u001b[39m","message":"\u001b[32mAnalytics event processed\u001b[39m","timestamp":"2025-10-13 00:15:03:153"}
{"eventId":"255cd6f7-471c-4733-b93f-632a8b7dd9cf","eventType":"system_health_check","level":"\u001b[32minfo\u001b[39m","message":"\u001b[32mAnalytics event processed\u001b[39m","timestamp":"2025-10-13 00:15:33:1533"}
{"eventId":"a73d5b00-d4f0-403a-bba5-665cb0518de6","eventType":"system_health_check","level":"\u001b[32minfo\u001b[39m","message":"\u001b[32mAnalytics event processed\u001b[39m","timestamp":"2025-10-13 00:16:03:163"}
{"eventId":"74473a45-374d-4679-af85-0bcf34ff44cc","eventType":"system_health_check","level":"\u001b[32minfo\u001b[39m","message":"\u001b[32mAnalytics event processed\u001b[39m","timestamp":"2025-10-13 00:16:33:1633"}
{"eventId":"cb04ad78-1655-4c5d-b287-f17e650bda1e","eventType":"system_health_check","level":"\u001b[32minfo\u001b[39m","message":"\u001b[32mAnalytics event processed\u001b[39m","timestamp":"2025-10-13 00:17:03:173"}
{"eventId":"af8073f3-f7ad-4bb9-bf55-b1201f4718fb","eventType":"system_health_check","level":"\u001b[32minfo\u001b[39m","message":"\u001b[32mAnalytics event processed\u001b[39m","timestamp":"2025-10-13 00:36:54:3654"}
{"action":"unknown","eventId":"4ef8492b-1fd9-4ba4-8edc-2308b9ad7ae6","eventType":"system_health_check","level":"\u001b[32minfo\u001b[39m","message":"\u001b[32mAudit event processed\u001b[39m","resource":"system:kafka-monitor","timestamp":"2025-10-13 00:49:05:495"}
{"action":"unknown","eventId":"b99452fe-9c25-42df-a76c-8659ca0fee57","eventType":"system_health_check","level":"\u001b[32minfo\u001b[39m","message":"\u001b[32mAudit event processed\u001b[39m","resource":"system:kafka-monitor","timestamp":"2025-10-13 00:49:35:4935"}
{"action":"unknown","eventId":"e2dc11e0-8258-4624-8be5-cb205e8c2305","eventType":"system_health_check","level":"\u001b[32minfo\u001b[39m","message":"\u001b[32mAudit event processed\u001b[39m","resource":"system:kafka-monitor","timestamp":"2025-10-13 00:50:05:505"}
{"action":"unknown","eventId":"2cc38689-9964-42f8-a368-d4471fc9e005","eventType":"system_health_check","level":"\u001b[32minfo\u001b[39m","message":"\u001b[32mAudit event processed\u001b[39m","resource":"system:kafka-monitor","timestamp":"2025-10-13 00:50:35:5035"}
{"action":"unknown","eventId":"26b5a58d-6292-48dc-bb40-95f4bc722c8a","eventType":"system_health_check","level":"\u001b[32minfo\u001b[39m","message":"\u001b[32mAudit event processed\u001b[39m","resource":"system:kafka-monitor","timestamp":"2025-10-13 00:51:05:515"}
{"action":"update","eventId":"aba6bd71-a706-4162-86a4-e326125e4761","eventType":"ppe_item_stock_updated","level":"\u001b[32minfo\u001b[39m","message":"\u001b[32mAudit event processed\u001b[39m","resource":"ppe","timestamp":"2025-10-13 01:11:39:1139","userId":"68e75dfadcfd0d51f3698e2d"}
{"action":"create","eventId":"be978c48-aa06-469b-96f0-99b15896c1e6","eventType":"ppe_item_created","level":"\u001b[32minfo\u001b[39m","message":"\u001b[32mAudit event processed\u001b[39m","resource":"ppe","timestamp":"2025-10-13 02:05:42:542","userId":"68e75dfadcfd0d51f3698e2d"}
{"action":"create","eventId":"798d3e61-94c0-4fcb-ba46-5143a74726fe","eventType":"ppe_item_created","level":"\u001b[32minfo\u001b[39m","message":"\u001b[32mAudit event processed\u001b[39m","resource":"ppe","timestamp":"2025-10-13 02:06:08:68","userId":"68e75dfadcfd0d51f3698e2d"}
{"action":"create","eventId":"94defb93-8acf-48f3-b1e4-ec51b5b1e387","eventType":"ppe_item_created","level":"\u001b[32minfo\u001b[39m","message":"\u001b[32mAudit event processed\u001b[39m","resource":"ppe","timestamp":"2025-10-13 02:25:59:2559","userId":"68e75dfadcfd0d51f3698e2d"}
{"action":"unknown","eventId":"c987d44d-1467-4f49-af94-7e93e02d4f63","eventType":"system_health_check","level":"\u001b[32minfo\u001b[39m","message":"\u001b[32mAudit event processed\u001b[39m","resource":"system:kafka-monitor","timestamp":"2025-10-14 19:38:53:3853"}
{"eventId":"b7efc5dc-2c82-4f92-9a81-b9cbc1caf2d1","eventType":"system_health_check","level":"\u001b[32minfo\u001b[39m","message":"\u001b[32mAnalytics event processed\u001b[39m","timestamp":"2025-10-17 01:03:48:348"}
{"eventId":"9d9b9123-6cee-4fe4-a6a9-58a5d5502cc0","eventType":"system_health_check","level":"\u001b[32minfo\u001b[39m","message":"\u001b[32mAnalytics event processed\u001b[39m","timestamp":"2025-10-17 01:04:18:418"}
{"eventId":"98c62d31-154f-45b0-bcae-a8c5ec4c39bf","eventType":"system_health_check","level":"\u001b[32minfo\u001b[39m","message":"\u001b[32mAnalytics event processed\u001b[39m","timestamp":"2025-10-17 01:04:48:448"}
{"eventId":"5d67effc-ce61-45fa-9653-dbbd4c671335","eventType":"system_health_check","level":"\u001b[32minfo\u001b[39m","message":"\u001b[32mAnalytics event processed\u001b[39m","timestamp":"2025-10-17 01:05:18:518"}
{"eventId":"f3bf0b62-0f3c-46f0-ad3d-288ca2d57b79","eventType":"system_health_check","level":"\u001b[32minfo\u001b[39m","message":"\u001b[32mAnalytics event processed\u001b[39m","timestamp":"2025-10-17 01:19:36:1936"}
{"eventId":"9d841476-cfac-481d-a7f2-b2d5244eae33","eventType":"system_health_check","level":"\u001b[32minfo\u001b[39m","message":"\u001b[32mAnalytics event processed\u001b[39m","timestamp":"2025-10-17 01:20:06:206"}
{"eventId":"e2927668-6e8f-4111-932b-06246a79df7a","eventType":"system_health_check","level":"\u001b[32minfo\u001b[39m","message":"\u001b[32mAnalytics event processed\u001b[39m","timestamp":"2025-10-17 01:20:36:2036"}
{"eventId":"55d0a211-b53d-4ecb-a855-8c3b567518d7","eventType":"system_health_check","level":"\u001b[32minfo\u001b[39m","message":"\u001b[32mAnalytics event processed\u001b[39m","timestamp":"2025-10-17 01:21:06:216"}
{"eventId":"48212f15-40b1-4780-b822-a3f70254dcbe","eventType":"system_health_check","level":"\u001b[32minfo\u001b[39m","message":"\u001b[32mAnalytics event processed\u001b[39m","timestamp":"2025-10-17 01:21:36:2136"}
{"eventId":"a5798fe4-e34d-48a5-8ae8-12b6c3738260","eventType":"system_health_check","level":"\u001b[32minfo\u001b[39m","message":"\u001b[32mAnalytics event processed\u001b[39m","timestamp":"2025-10-17 01:22:06:226"}
{"eventId":"45010961-3c68-4877-b121-a82469dd17a3","eventType":"system_health_check","level":"\u001b[32minfo\u001b[39m","message":"\u001b[32mAnalytics event processed\u001b[39m","timestamp":"2025-10-17 01:22:36:2236"}
{"eventId":"480488a3-4d1d-4cf8-8087-a76feb9068cb","eventType":"system_health_check","level":"\u001b[32minfo\u001b[39m","message":"\u001b[32mAnalytics event processed\u001b[39m","timestamp":"2025-10-17 01:23:06:236"}
{"eventId":"ef0fda55-12f6-4161-9ab9-0006f7c374c5","eventType":"system_health_check","level":"\u001b[32minfo\u001b[39m","message":"\u001b[32mAnalytics event processed\u001b[39m","timestamp":"2025-10-17 01:23:36:2336"}
{"eventId":"b86c8fe1-b52e-4bf7-a420-bbe5c1325b20","eventType":"system_health_check","level":"\u001b[32minfo\u001b[39m","message":"\u001b[32mAnalytics event processed\u001b[39m","timestamp":"2025-10-17 01:24:06:246"}
{"eventId":"744fb67c-095a-4b94-86ce-5685871b6f6f","eventType":"system_health_check","level":"\u001b[32minfo\u001b[39m","message":"\u001b[32mAnalytics event processed\u001b[39m","timestamp":"2025-10-17 01:24:36:2436"}
{"eventId":"a84a0992-0a17-4f12-8e00-c8e63d1ed79a","eventType":"system_health_check","level":"\u001b[32minfo\u001b[39m","message":"\u001b[32mAnalytics event processed\u001b[39m","timestamp":"2025-10-17 01:25:06:256"}
{"eventId":"342dc7c8-b178-4aaf-9b32-a623571cf3e6","eventType":"system_health_check","level":"\u001b[32minfo\u001b[39m","message":"\u001b[32mAnalytics event processed\u001b[39m","timestamp":"2025-10-17 01:25:36:2536"}
{"eventId":"9b0c3a80-e311-400b-a6e4-e28cd7466b1b","eventType":"system_health_check","level":"\u001b[32minfo\u001b[39m","message":"\u001b[32mAnalytics event processed\u001b[39m","timestamp":"2025-10-17 01:26:06:266"}
{"eventId":"37db8330-a7da-4f32-946e-831ee65c4f76","eventType":"system_health_check","level":"\u001b[32minfo\u001b[39m","message":"\u001b[32mAnalytics event processed\u001b[39m","timestamp":"2025-10-17 01:26:36:2636"}
{"eventId":"42f4e280-24cc-4b25-9d24-2d1efb02481b","eventType":"system_health_check","level":"\u001b[32minfo\u001b[39m","message":"\u001b[32mAnalytics event processed\u001b[39m","timestamp":"2025-10-17 01:27:06:276"}
{"eventId":"e50c30ec-a2cd-4be6-a76c-00d692a8f290","eventType":"system_health_check","level":"\u001b[32minfo\u001b[39m","message":"\u001b[32mAnalytics event processed\u001b[39m","timestamp":"2025-10-17 01:27:36:2736"}
{"eventId":"c838bab5-0930-4261-aa2f-bfc265523f17","eventType":"system_health_check","level":"\u001b[32minfo\u001b[39m","message":"\u001b[32mAnalytics event processed\u001b[39m","timestamp":"2025-10-17 01:28:06:286"}
{"eventId":"e6037a2a-e2ce-46e3-8b53-08843bc1eb9f","eventType":"system_health_check","level":"\u001b[32minfo\u001b[39m","message":"\u001b[32mAnalytics event processed\u001b[39m","timestamp":"2025-10-17 01:28:36:2836"}
{"eventId":"cb7c0f8f-0b23-4e8b-aa7a-1cf0be3a4617","eventType":"system_health_check","level":"\u001b[32minfo\u001b[39m","message":"\u001b[32mAnalytics event processed\u001b[39m","timestamp":"2025-10-17 01:29:06:296"}
{"eventId":"fd5219b3-faf4-49ab-acd2-546d4a1efebe","eventType":"system_health_check","level":"\u001b[32minfo\u001b[39m","message":"\u001b[32mAnalytics event processed\u001b[39m","timestamp":"2025-10-17 01:29:36:2936"}
{"eventId":"f0678a8b-faf9-4e4b-a4b4-ffaaedd4cc9a","eventType":"system_health_check","level":"\u001b[32minfo\u001b[39m","message":"\u001b[32mAnalytics event processed\u001b[39m","timestamp":"2025-10-17 01:30:06:306"}
{"eventId":"e2ad256a-7b65-4c33-b19b-f7cd1333d8cb","eventType":"system_health_check","level":"\u001b[32minfo\u001b[39m","message":"\u001b[32mAnalytics event processed\u001b[39m","timestamp":"2025-10-17 01:30:36:3036"}
{"eventId":"91c58c04-4b89-4760-be1c-386bfe7d2251","eventType":"system_health_check","level":"\u001b[32minfo\u001b[39m","message":"\u001b[32mAnalytics event processed\u001b[39m","timestamp":"2025-10-17 01:31:06:316"}
{"eventId":"cf8746ec-e2e3-4326-a633-56ee99a1df2c","eventType":"system_health_check","level":"\u001b[32minfo\u001b[39m","message":"\u001b[32mAnalytics event processed\u001b[39m","timestamp":"2025-10-17 01:31:36:3136"}
{"eventId":"26f5c67f-d13a-4c4a-aacb-6b5a66d50c01","eventType":"system_health_check","level":"\u001b[32minfo\u001b[39m","message":"\u001b[32mAnalytics event processed\u001b[39m","timestamp":"2025-10-17 01:32:06:326"}
{"eventId":"9f47fa77-ff13-495a-8f48-9ff540429793","eventType":"system_health_check","level":"\u001b[32minfo\u001b[39m","message":"\u001b[32mAnalytics event processed\u001b[39m","timestamp":"2025-10-17 01:32:36:3236"}
{"eventId":"d16a424c-a7a8-4c74-ac53-11b110846db9","eventType":"system_health_check","level":"\u001b[32minfo\u001b[39m","message":"\u001b[32mAnalytics event processed\u001b[39m","timestamp":"2025-10-17 01:33:06:336"}
{"eventId":"a4ebf2ba-a09b-404a-abdb-90516b3d92f9","eventType":"system_health_check","level":"\u001b[32minfo\u001b[39m","message":"\u001b[32mAnalytics event processed\u001b[39m","timestamp":"2025-10-17 01:33:36:3336"}
{"eventId":"3b7ddda0-796b-4595-8bb4-934dcfde174d","eventType":"system_health_check","level":"\u001b[32minfo\u001b[39m","message":"\u001b[32mAnalytics event processed\u001b[39m","timestamp":"2025-10-17 01:34:06:346"}
{"eventId":"b2124428-c8d5-43c7-9242-875ca0c9aba1","eventType":"system_health_check","level":"\u001b[32minfo\u001b[39m","message":"\u001b[32mAnalytics event processed\u001b[39m","timestamp":"2025-10-17 01:34:36:3436"}
{"eventId":"ee075156-cc53-4a46-aafd-928452a8c47c","eventType":"system_health_check","level":"\u001b[32minfo\u001b[39m","message":"\u001b[32mAnalytics event processed\u001b[39m","timestamp":"2025-10-17 01:35:06:356"}
{"eventId":"5531ea87-ba00-4de1-b472-0bec5ca51440","eventType":"system_health_check","level":"\u001b[32minfo\u001b[39m","message":"\u001b[32mAnalytics event processed\u001b[39m","timestamp":"2025-10-17 01:35:36:3536"}
{"eventId":"22d8bee3-8f04-45fe-a7bc-c7a997bc3a77","eventType":"system_health_check","level":"\u001b[32minfo\u001b[39m","message":"\u001b[32mAnalytics event processed\u001b[39m","timestamp":"2025-10-19 22:40:20:4020"}
{"eventId":"931e3042-5544-4367-97ef-0e90a9d391e4","eventType":"system_health_check","level":"\u001b[32minfo\u001b[39m","message":"\u001b[32mAnalytics event processed\u001b[39m","timestamp":"2025-10-19 22:40:50:4050"}
{"eventId":"ff5cf3b7-7cb1-4975-991a-9500e27970c4","eventType":"system_health_check","level":"\u001b[32minfo\u001b[39m","message":"\u001b[32mAnalytics event processed\u001b[39m","timestamp":"2025-10-19 22:41:20:4120"}
{"eventId":"f245c907-052a-41db-bc4e-ff3d159fd7b4","eventType":"system_health_check","level":"\u001b[32minfo\u001b[39m","message":"\u001b[32mAnalytics event processed\u001b[39m","timestamp":"2025-10-19 22:41:50:4150"}
{"eventId":"9a971717-243b-48b7-8173-9c33edadedf9","eventType":"system_health_check","level":"\u001b[32minfo\u001b[39m","message":"\u001b[32mAnalytics event processed\u001b[39m","timestamp":"2025-10-19 22:42:20:4220"}
{"eventId":"5d00449c-b708-4961-aa72-2348b5b5b39e","eventType":"system_health_check","level":"\u001b[32minfo\u001b[39m","message":"\u001b[32mAnalytics event processed\u001b[39m","timestamp":"2025-10-19 22:42:50:4250"}
{"eventId":"a67327ac-4d23-4e72-b693-24e91c6b87cf","eventType":"system_health_check","level":"\u001b[32minfo\u001b[39m","message":"\u001b[32mAnalytics event processed\u001b[39m","timestamp":"2025-10-19 22:43:20:4320"}
{"eventId":"f97713bb-4473-45a8-8139-560171bb6d88","eventType":"system_health_check","level":"\u001b[32minfo\u001b[39m","message":"\u001b[32mAnalytics event processed\u001b[39m","timestamp":"2025-10-19 22:43:50:4350"}
{"eventId":"829b6442-bfdc-42e3-93cb-31022417acdc","eventType":"system_health_check","level":"\u001b[32minfo\u001b[39m","message":"\u001b[32mAnalytics event processed\u001b[39m","timestamp":"2025-10-19 22:44:20:4420"}
{"eventId":"50a97401-ac3c-4a21-910b-30c57f4358cf","eventType":"system_health_check","level":"\u001b[32minfo\u001b[39m","message":"\u001b[32mAnalytics event processed\u001b[39m","timestamp":"2025-10-19 22:44:50:4450"}
{"eventId":"66b46363-0750-41f0-84f6-18438485f967","eventType":"system_health_check","level":"\u001b[32minfo\u001b[39m","message":"\u001b[32mAnalytics event processed\u001b[39m","timestamp":"2025-10-19 22:45:20:4520"}
{"eventId":"8d7592ef-4cc9-4990-843c-d7e379ee4241","eventType":"system_health_check","level":"\u001b[32minfo\u001b[39m","message":"\u001b[32mAnalytics event processed\u001b[39m","timestamp":"2025-10-19 22:45:50:4550"}
{"eventId":"d9daf682-fc76-4f1a-8374-830164e99efc","eventType":"system_health_check","level":"\u001b[32minfo\u001b[39m","message":"\u001b[32mAnalytics event processed\u001b[39m","timestamp":"2025-10-19 22:46:20:4620"}
{"eventId":"868007f9-b5da-47f5-8903-d210519026ab","eventType":"system_health_check","level":"\u001b[32minfo\u001b[39m","message":"\u001b[32mAnalytics event processed\u001b[39m","timestamp":"2025-10-19 22:46:50:4650"}
{"eventId":"984d2f80-7867-441c-9766-baa3e7509bde","eventType":"system_health_check","level":"\u001b[32minfo\u001b[39m","message":"\u001b[32mAnalytics event processed\u001b[39m","timestamp":"2025-10-19 22:47:20:4720"}
{"eventId":"900c231e-9823-4d37-bd32-f87340fb88cd","eventType":"system_health_check","level":"\u001b[32minfo\u001b[39m","message":"\u001b[32mAnalytics event processed\u001b[39m","timestamp":"2025-10-19 22:47:50:4750"}
{"eventId":"c536b0e3-3d30-45f6-8349-9a7af7ac9c52","eventType":"system_health_check","level":"\u001b[32minfo\u001b[39m","message":"\u001b[32mAnalytics event processed\u001b[39m","timestamp":"2025-10-19 22:48:20:4820"}
{"eventId":"c9119b1b-be4e-497c-8a91-85632d1d14d0","eventType":"system_health_check","level":"\u001b[32minfo\u001b[39m","message":"\u001b[32mAnalytics event processed\u001b[39m","timestamp":"2025-10-19 22:48:50:4850"}
{"eventId":"96f8112d-432f-4564-8761-5f8acfc01f9b","eventType":"system_health_check","level":"\u001b[32minfo\u001b[39m","message":"\u001b[32mAnalytics event processed\u001b[39m","timestamp":"2025-10-19 22:49:20:4920"}
{"eventId":"271a1deb-9647-40c7-ae22-4b81d9ceef65","eventType":"system_health_check","level":"\u001b[32minfo\u001b[39m","message":"\u001b[32mAnalytics event processed\u001b[39m","timestamp":"2025-10-19 22:49:50:4950"}
{"eventId":"9b0faccd-82c6-4e32-b23a-5e7568722c3a","eventType":"system_health_check","level":"\u001b[32minfo\u001b[39m","message":"\u001b[32mAnalytics event processed\u001b[39m","timestamp":"2025-10-19 22:50:20:5020"}
{"eventId":"bcd44362-605f-4410-8296-9ab2442e63cc","eventType":"system_health_check","level":"\u001b[32minfo\u001b[39m","message":"\u001b[32mAnalytics event processed\u001b[39m","timestamp":"2025-10-19 22:50:50:5050"}
{"eventId":"275df9be-e698-4903-a2cb-20151fe00443","eventType":"system_health_check","level":"\u001b[32minfo\u001b[39m","message":"\u001b[32mAnalytics event processed\u001b[39m","timestamp":"2025-10-19 22:51:20:5120"}
{"eventId":"ccf1eecb-c9fb-4681-968d-e7212a83c539","eventType":"system_health_check","level":"\u001b[32minfo\u001b[39m","message":"\u001b[32mAnalytics event processed\u001b[39m","timestamp":"2025-10-19 22:51:50:5150"}
{"eventId":"d7b570b4-1870-48ff-b915-076d52009b00","eventType":"system_health_check","level":"\u001b[32minfo\u001b[39m","message":"\u001b[32mAnalytics event processed\u001b[39m","timestamp":"2025-10-19 22:52:20:5220"}
{"eventId":"ca6ed346-9b3a-4982-8584-560407199ed4","eventType":"system_health_check","level":"\u001b[32minfo\u001b[39m","message":"\u001b[32mAnalytics event processed\u001b[39m","timestamp":"2025-10-19 22:52:50:5250"}
{"eventId":"792728a4-39e3-4de7-a48b-588575bc8c85","eventType":"system_health_check","level":"\u001b[32minfo\u001b[39m","message":"\u001b[32mAnalytics event processed\u001b[39m","timestamp":"2025-10-19 22:53:20:5320"}
{"eventId":"b35c6c67-c0df-4dd7-b9cc-9a5f2b40c404","eventType":"system_health_check","level":"\u001b[32minfo\u001b[39m","message":"\u001b[32mAnalytics event processed\u001b[39m","timestamp":"2025-10-19 22:53:50:5350"}
{"eventId":"3375f1cf-5880-414a-8e5a-f44fded74eff","eventType":"system_health_check","level":"\u001b[32minfo\u001b[39m","message":"\u001b[32mAnalytics event processed\u001b[39m","timestamp":"2025-10-19 22:54:20:5420"}
{"eventId":"35e1e106-e895-4fb1-b680-3dd976518007","eventType":"system_health_check","level":"\u001b[32minfo\u001b[39m","message":"\u001b[32mAnalytics event processed\u001b[39m","timestamp":"2025-10-19 22:54:50:5450"}
{"eventId":"91936e3e-053e-453d-a098-233461e2ff95","eventType":"system_health_check","level":"\u001b[32minfo\u001b[39m","message":"\u001b[32mAnalytics event processed\u001b[39m","timestamp":"2025-10-19 22:55:20:5520"}
{"eventId":"e2d4dc02-4523-4b57-bbce-c8da27b6630a","eventType":"system_health_check","level":"\u001b[32minfo\u001b[39m","message":"\u001b[32mAnalytics event processed\u001b[39m","timestamp":"2025-10-19 22:55:50:5550"}
{"eventId":"b2d59569-18f6-4a8c-8817-d5edaa520074","eventType":"system_health_check","level":"\u001b[32minfo\u001b[39m","message":"\u001b[32mAnalytics event processed\u001b[39m","timestamp":"2025-10-19 22:56:20:5620"}
{"eventId":"12ad5c91-f4bd-49ce-b1b1-ac2495ff98e8","eventType":"system_health_check","level":"\u001b[32minfo\u001b[39m","message":"\u001b[32mAnalytics event processed\u001b[39m","timestamp":"2025-10-19 22:56:50:5650"}
{"eventId":"5eeea685-2ab3-4f4c-b45a-daf9dd3e6bbe","eventType":"system_health_check","level":"\u001b[32minfo\u001b[39m","message":"\u001b[32mAnalytics event processed\u001b[39m","timestamp":"2025-10-19 22:57:20:5720"}
{"eventId":"e2e38fbf-5702-4576-92ad-d8778086498a","eventType":"system_health_check","level":"\u001b[32minfo\u001b[39m","message":"\u001b[32mAnalytics event processed\u001b[39m","timestamp":"2025-10-19 22:57:50:5750"}
{"eventId":"5eeded7f-02ba-4504-9596-272c2f1beb21","eventType":"system_health_check","level":"\u001b[32minfo\u001b[39m","message":"\u001b[32mAnalytics event processed\u001b[39m","timestamp":"2025-10-19 22:58:20:5820"}
{"eventId":"b8ad4139-b728-4b10-ba72-f2155f6c4127","eventType":"system_health_check","level":"\u001b[32minfo\u001b[39m","message":"\u001b[32mAnalytics event processed\u001b[39m","timestamp":"2025-10-19 22:58:50:5850"}
{"eventId":"4754ffd1-bc71-4c5c-8bba-5eb1c5aebc71","eventType":"system_health_check","level":"\u001b[32minfo\u001b[39m","message":"\u001b[32mAnalytics event processed\u001b[39m","timestamp":"2025-10-19 22:59:20:5920"}
{"eventId":"55bc2156-7520-4ce1-9c61-9bb738adc7f9","eventType":"system_health_check","level":"\u001b[32minfo\u001b[39m","message":"\u001b[32mAnalytics event processed\u001b[39m","timestamp":"2025-10-19 22:59:50:5950"}
{"eventId":"a82ea070-425c-4fe8-ade7-790ab3cd6bc3","eventType":"system_health_check","level":"\u001b[32minfo\u001b[39m","message":"\u001b[32mAnalytics event processed\u001b[39m","timestamp":"2025-10-19 23:00:21:021"}
{"eventId":"8829fa38-54d0-47a3-89c5-9e8bb93952be","eventType":"system_health_check","level":"\u001b[32minfo\u001b[39m","message":"\u001b[32mAnalytics event processed\u001b[39m","timestamp":"2025-10-19 23:00:51:051"}
{"eventId":"8dc11b74-18f4-4cbb-9fe4-ccb6d6dc3add","eventType":"system_health_check","level":"\u001b[32minfo\u001b[39m","message":"\u001b[32mAnalytics event processed\u001b[39m","timestamp":"2025-10-19 23:01:21:121"}
{"eventId":"513c8fef-b605-4307-9914-d2ed9f4b9a1f","eventType":"system_health_check","level":"\u001b[32minfo\u001b[39m","message":"\u001b[32mAnalytics event processed\u001b[39m","timestamp":"2025-10-19 23:01:51:151"}
{"eventId":"c5988efb-53c9-49f8-b647-9bfdb1036284","eventType":"system_health_check","level":"\u001b[32minfo\u001b[39m","message":"\u001b[32mAnalytics event processed\u001b[39m","timestamp":"2025-10-19 23:02:21:221"}
{"eventId":"19ed1755-27c0-42f8-b8b0-1dcea30f7aee","eventType":"system_health_check","level":"\u001b[32minfo\u001b[39m","message":"\u001b[32mAnalytics event processed\u001b[39m","timestamp":"2025-10-19 23:02:51:251"}
{"eventId":"e5531806-0c32-4f06-ac97-11c511eac218","eventType":"system_health_check","level":"\u001b[32minfo\u001b[39m","message":"\u001b[32mAnalytics event processed\u001b[39m","timestamp":"2025-10-19 23:03:21:321"}
{"eventId":"58c29f23-e55a-4e92-9e8f-343d1cdaa647","eventType":"system_health_check","level":"\u001b[32minfo\u001b[39m","message":"\u001b[32mAnalytics event processed\u001b[39m","timestamp":"2025-10-19 23:03:51:351"}
{"eventId":"93440efe-d1cc-4869-884e-af8f19b9a4a5","eventType":"system_health_check","level":"\u001b[32minfo\u001b[39m","message":"\u001b[32mAnalytics event processed\u001b[39m","timestamp":"2025-10-19 23:04:21:421"}
{"eventId":"4fc2e680-ba37-46fd-9aa3-83af60e4c48c","eventType":"system_health_check","level":"\u001b[32minfo\u001b[39m","message":"\u001b[32mAnalytics event processed\u001b[39m","timestamp":"2025-10-19 23:04:51:451"}
{"eventId":"529908fc-007d-4fae-9597-57785fc395c4","eventType":"system_health_check","level":"\u001b[32minfo\u001b[39m","message":"\u001b[32mAnalytics event processed\u001b[39m","timestamp":"2025-10-19 23:05:21:521"}
{"eventId":"feced268-8b84-437f-a66d-6e8f6587a8e7","eventType":"system_health_check","level":"\u001b[32minfo\u001b[39m","message":"\u001b[32mAnalytics event processed\u001b[39m","timestamp":"2025-10-19 23:05:51:551"}
{"eventId":"10a132db-0527-49c7-805e-ea45890c89c1","eventType":"system_health_check","level":"\u001b[32minfo\u001b[39m","message":"\u001b[32mAnalytics event processed\u001b[39m","timestamp":"2025-10-19 23:06:21:621"}
{"eventId":"a6907239-6e65-4f84-a3b1-6c3423c99f71","eventType":"system_health_check","level":"\u001b[32minfo\u001b[39m","message":"\u001b[32mAnalytics event processed\u001b[39m","timestamp":"2025-10-19 23:06:51:651"}
{"eventId":"6ab2f9ce-1056-4447-a271-40e85a16b5e4","eventType":"system_health_check","level":"\u001b[32minfo\u001b[39m","message":"\u001b[32mAnalytics event processed\u001b[39m","timestamp":"2025-10-19 23:07:21:721"}
{"eventId":"c71a0c55-591c-4002-aefe-20df0039272a","eventType":"system_health_check","level":"\u001b[32minfo\u001b[39m","message":"\u001b[32mAnalytics event processed\u001b[39m","timestamp":"2025-10-19 23:07:51:751"}
{"eventId":"15587d19-ef94-442c-8c1a-e2c16222e3c1","eventType":"system_health_check","level":"\u001b[32minfo\u001b[39m","message":"\u001b[32mAnalytics event processed\u001b[39m","timestamp":"2025-10-19 23:08:21:821"}
{"eventId":"e285c478-bf4a-4a6c-b6cf-bcbc630f0eb1","eventType":"system_health_check","level":"\u001b[32minfo\u001b[39m","message":"\u001b[32mAnalytics event processed\u001b[39m","timestamp":"2025-10-19 23:08:51:851"}
{"eventId":"4522df4e-97ab-46b2-a162-1f3dfbf18eb2","eventType":"system_health_check","level":"\u001b[32minfo\u001b[39m","message":"\u001b[32mAnalytics event processed\u001b[39m","timestamp":"2025-10-19 23:09:21:921"}
{"eventId":"6afb4271-666b-4b0a-8a56-4cd3d684d781","eventType":"system_health_check","level":"\u001b[32minfo\u001b[39m","message":"\u001b[32mAnalytics event processed\u001b[39m","timestamp":"2025-10-19 23:09:51:951"}
{"eventId":"a32d3a83-e60f-4beb-b8d7-27dc7ba69d0a","eventType":"system_health_check","level":"\u001b[32minfo\u001b[39m","message":"\u001b[32mAnalytics event processed\u001b[39m","timestamp":"2025-10-19 23:10:21:1021"}
{"eventId":"0a34f423-c013-42cf-8364-60f69f0a1245","eventType":"system_health_check","level":"\u001b[32minfo\u001b[39m","message":"\u001b[32mAnalytics event processed\u001b[39m","timestamp":"2025-10-19 23:10:51:1051"}
{"eventId":"121a4905-9dcf-49d6-aebe-4b5eebf8a25a","eventType":"system_health_check","level":"\u001b[32minfo\u001b[39m","message":"\u001b[32mAnalytics event processed\u001b[39m","timestamp":"2025-10-19 23:11:21:1121"}
{"eventId":"2c0be3d2-5efc-4c22-8ed7-f1d9816f39e0","eventType":"system_health_check","level":"\u001b[32minfo\u001b[39m","message":"\u001b[32mAnalytics event processed\u001b[39m","timestamp":"2025-10-19 23:11:51:1151"}
{"eventId":"c600f08d-1e0f-4c00-a3e1-6d93f8ab6046","eventType":"certificate_created","level":"\u001b[32minfo\u001b[39m","message":"\u001b[32mAnalytics event processed\u001b[39m","timestamp":"2025-10-19 23:12:20:1220"}
{"eventId":"e9626bad-75e4-4ff9-91f3-85b06c6dde46","eventType":"certificate_created","level":"\u001b[32minfo\u001b[39m","message":"\u001b[32mAnalytics event processed\u001b[39m","timestamp":"2025-10-19 23:12:20:1220"}
{"eventId":"c525e75e-6032-4d14-a7fc-1cdae5732695","eventType":"system_health_check","level":"\u001b[32minfo\u001b[39m","message":"\u001b[32mAnalytics event processed\u001b[39m","timestamp":"2025-10-19 23:12:21:1221"}
{"eventId":"1e7a4a87-bc89-4407-8e34-8a37ce13a6cd","eventType":"system_health_check","level":"\u001b[32minfo\u001b[39m","message":"\u001b[32mAnalytics event processed\u001b[39m","timestamp":"2025-10-19 23:12:51:1251"}
{"eventId":"95cea877-d8da-4c2d-b8ed-327fcf44a4c5","eventType":"system_health_check","level":"\u001b[32minfo\u001b[39m","message":"\u001b[32mAnalytics event processed\u001b[39m","timestamp":"2025-10-19 23:13:21:1321"}
{"eventId":"b5dab7a5-4976-44e1-977e-4af31b03484b","eventType":"system_health_check","level":"\u001b[32minfo\u001b[39m","message":"\u001b[32mAnalytics event processed\u001b[39m","timestamp":"2025-10-19 23:13:51:1351"}
{"eventId":"29d81126-3d92-45df-96de-c6105f9b96cc","eventType":"system_health_check","level":"\u001b[32minfo\u001b[39m","message":"\u001b[32mAnalytics event processed\u001b[39m","timestamp":"2025-10-19 23:14:21:1421"}
{"eventId":"502758e5-9d3b-4352-b66e-381ca9625e17","eventType":"system_health_check","level":"\u001b[32minfo\u001b[39m","message":"\u001b[32mAnalytics event processed\u001b[39m","timestamp":"2025-10-19 23:14:51:1451"}
{"eventId":"5a3f3f65-8688-4bb1-b30a-12ba3c3e7dc6","eventType":"system_health_check","level":"\u001b[32minfo\u001b[39m","message":"\u001b[32mAnalytics event processed\u001b[39m","timestamp":"2025-10-19 23:15:21:1521"}
{"eventId":"fd4bf91a-bad0-4f4b-9e65-24f8017a4116","eventType":"system_health_check","level":"\u001b[32minfo\u001b[39m","message":"\u001b[32mAnalytics event processed\u001b[39m","timestamp":"2025-10-19 23:15:51:1551"}
{"eventId":"fdb7c6b0-8001-4cc7-ad98-9012ed4699cb","eventType":"system_health_check","level":"\u001b[32minfo\u001b[39m","message":"\u001b[32mAnalytics event processed\u001b[39m","timestamp":"2025-10-19 23:16:21:1621"}
{"eventId":"34502a04-a8f8-4647-9aeb-3eec1986ae57","eventType":"system_health_check","level":"\u001b[32minfo\u001b[39m","message":"\u001b[32mAnalytics event processed\u001b[39m","timestamp":"2025-10-19 23:16:51:1651"}
{"eventId":"a7875b5f-8695-44de-b851-331d715a1ed9","eventType":"system_health_check","level":"\u001b[32minfo\u001b[39m","message":"\u001b[32mAnalytics event processed\u001b[39m","timestamp":"2025-10-19 23:17:21:1721"}
{"eventId":"137b820e-6edc-4776-9a74-0b5fd015c9e9","eventType":"system_health_check","level":"\u001b[32minfo\u001b[39m","message":"\u001b[32mAnalytics event processed\u001b[39m","timestamp":"2025-10-19 23:17:51:1751"}
{"eventId":"b7cc6560-3cc0-44ad-b069-c64eff6d4886","eventType":"system_health_check","level":"\u001b[32minfo\u001b[39m","message":"\u001b[32mAnalytics event processed\u001b[39m","timestamp":"2025-10-19 23:18:21:1821"}
{"eventId":"05be6453-319c-4440-ab1b-8a2533d75c1d","eventType":"system_health_check","level":"\u001b[32minfo\u001b[39m","message":"\u001b[32mAnalytics event processed\u001b[39m","timestamp":"2025-10-19 23:18:51:1851"}
{"eventId":"2ab299ce-782b-411b-8785-af3bb56e6d83","eventType":"system_health_check","level":"\u001b[32minfo\u001b[39m","message":"\u001b[32mAnalytics event processed\u001b[39m","timestamp":"2025-10-19 23:19:21:1921"}
{"eventId":"878235dd-2718-4ba2-9f93-e4858b763df6","eventType":"system_health_check","level":"\u001b[32minfo\u001b[39m","message":"\u001b[32mAnalytics event processed\u001b[39m","timestamp":"2025-10-19 23:19:51:1951"}
{"eventId":"653a7f94-c632-4435-9146-0ea8069a5b76","eventType":"system_health_check","level":"\u001b[32minfo\u001b[39m","message":"\u001b[32mAnalytics event processed\u001b[39m","timestamp":"2025-10-19 23:20:21:2021"}
{"eventId":"c47bc784-e65f-464d-93b4-df80bfc31206","eventType":"system_health_check","level":"\u001b[32minfo\u001b[39m","message":"\u001b[32mAnalytics event processed\u001b[39m","timestamp":"2025-10-19 23:20:51:2051"}
{"eventId":"eeeaf088-5582-40ca-8e31-b8027cc6e773","eventType":"system_health_check","level":"\u001b[32minfo\u001b[39m","message":"\u001b[32mAnalytics event processed\u001b[39m","timestamp":"2025-10-19 23:21:21:2121"}
{"eventId":"dd421882-74ff-4e49-b708-0aa33e7c227f","eventType":"system_health_check","level":"\u001b[32minfo\u001b[39m","message":"\u001b[32mAnalytics event processed\u001b[39m","timestamp":"2025-10-19 23:21:51:2151"}
{"eventId":"474f1113-9f2e-4712-a86e-56a0f2885d2c","eventType":"system_health_check","level":"\u001b[32minfo\u001b[39m","message":"\u001b[32mAnalytics event processed\u001b[39m","timestamp":"2025-10-19 23:22:21:2221"}
{"eventId":"a75d07dc-cbe6-4dc1-a536-8c1f31d7f55a","eventType":"system_health_check","level":"\u001b[32minfo\u001b[39m","message":"\u001b[32mAnalytics event processed\u001b[39m","timestamp":"2025-10-19 23:22:51:2251"}
{"eventId":"124f3b02-9409-4661-9f35-1a6c37c119cb","eventType":"system_health_check","level":"\u001b[32minfo\u001b[39m","message":"\u001b[32mAnalytics event processed\u001b[39m","timestamp":"2025-10-19 23:23:21:2321"}
{"eventId":"e95729df-4baa-490d-b6bd-ef4aaad97d8e","eventType":"system_health_check","level":"\u001b[32minfo\u001b[39m","message":"\u001b[32mAnalytics event processed\u001b[39m","timestamp":"2025-10-19 23:23:51:2351"}
{"eventId":"75e19a67-9dbe-4f44-8bbc-5dfc00ac611e","eventType":"system_health_check","level":"\u001b[32minfo\u001b[39m","message":"\u001b[32mAnalytics event processed\u001b[39m","timestamp":"2025-10-19 23:24:21:2421"}
{"eventId":"bc72b9f4-537e-4c64-8e50-b5bb68c0910f","eventType":"system_health_check","level":"\u001b[32minfo\u001b[39m","message":"\u001b[32mAnalytics event processed\u001b[39m","timestamp":"2025-10-19 23:24:51:2451"}
{"eventId":"3935cdd9-5401-4e9b-a8f2-3f38b4f04f79","eventType":"system_health_check","level":"\u001b[32minfo\u001b[39m","message":"\u001b[32mAnalytics event processed\u001b[39m","timestamp":"2025-10-19 23:25:21:2521"}
{"eventId":"951085ec-bc97-4d82-b2e4-fc0c5928325b","eventType":"system_health_check","level":"\u001b[32minfo\u001b[39m","message":"\u001b[32mAnalytics event processed\u001b[39m","timestamp":"2025-10-19 23:25:51:2551"}
{"eventId":"0f872540-3cdd-4a2d-b189-8ebf69ef352b","eventType":"system_health_check","level":"\u001b[32minfo\u001b[39m","message":"\u001b[32mAnalytics event processed\u001b[39m","timestamp":"2025-10-19 23:26:21:2621"}
{"eventId":"ce8a603e-3e14-4368-a6f1-f9f0ff5e7c05","eventType":"system_health_check","level":"\u001b[32minfo\u001b[39m","message":"\u001b[32mAnalytics event processed\u001b[39m","timestamp":"2025-10-19 23:26:51:2651"}
{"eventId":"54d4fc6e-2a49-44f6-9a60-8b409fe44310","eventType":"system_health_check","level":"\u001b[32minfo\u001b[39m","message":"\u001b[32mAnalytics event processed\u001b[39m","timestamp":"2025-10-19 23:27:21:2721"}
{"eventId":"6f91c870-787e-469c-8ab3-8d70af9e6781","eventType":"system_health_check","level":"\u001b[32minfo\u001b[39m","message":"\u001b[32mAnalytics event processed\u001b[39m","timestamp":"2025-10-19 23:27:51:2751"}
{"eventId":"f86926df-11fd-4adb-b264-fe969dfb676c","eventType":"system_health_check","level":"\u001b[32minfo\u001b[39m","message":"\u001b[32mAnalytics event processed\u001b[39m","timestamp":"2025-10-19 23:28:21:2821"}
{"eventId":"c0601d15-1d2e-4f46-8b4f-7ec4114b4a97","eventType":"system_health_check","level":"\u001b[32minfo\u001b[39m","message":"\u001b[32mAnalytics event processed\u001b[39m","timestamp":"2025-10-19 23:28:51:2851"}
{"eventId":"96654bf3-25f0-4ddc-b0a9-1d11e84f96ec","eventType":"system_health_check","level":"\u001b[32minfo\u001b[39m","message":"\u001b[32mAnalytics event processed\u001b[39m","timestamp":"2025-10-19 23:29:21:2921"}
{"eventId":"826fe768-d812-4193-8dbf-2207e1534930","eventType":"system_health_check","level":"\u001b[32minfo\u001b[39m","message":"\u001b[32mAnalytics event processed\u001b[39m","timestamp":"2025-10-19 23:29:51:2951"}
{"eventId":"d21eca1e-3110-4779-97a9-42faf3a9eb0e","eventType":"system_health_check","level":"\u001b[32minfo\u001b[39m","message":"\u001b[32mAnalytics event processed\u001b[39m","timestamp":"2025-10-19 23:30:21:3021"}
{"eventId":"d1e211cd-a8cd-4eb9-9a63-f2c66837a58b","eventType":"system_health_check","level":"\u001b[32minfo\u001b[39m","message":"\u001b[32mAnalytics event processed\u001b[39m","timestamp":"2025-10-19 23:30:51:3051"}
{"eventId":"ac9f3aa1-75f3-4bcb-9d35-89080508d614","eventType":"system_health_check","level":"\u001b[32minfo\u001b[39m","message":"\u001b[32mAnalytics event processed\u001b[39m","timestamp":"2025-10-19 23:31:21:3121"}
{"eventId":"56515b4b-23f4-4088-9538-0aaa78c248be","eventType":"system_health_check","level":"\u001b[32minfo\u001b[39m","message":"\u001b[32mAnalytics event processed\u001b[39m","timestamp":"2025-10-19 23:31:51:3151"}
{"eventId":"49b4aeef-640c-4f44-b47f-3510889cd943","eventType":"system_health_check","level":"\u001b[32minfo\u001b[39m","message":"\u001b[32mAnalytics event processed\u001b[39m","timestamp":"2025-10-19 23:32:21:3221"}
{"eventId":"5d1e2b5c-d0ea-467d-87c7-6ab76c6ecf30","eventType":"system_health_check","level":"\u001b[32minfo\u001b[39m","message":"\u001b[32mAnalytics event processed\u001b[39m","timestamp":"2025-10-19 23:32:51:3251"}
{"eventId":"cdd85298-68ea-441d-bccb-ec171c4a6376","eventType":"system_health_check","level":"\u001b[32minfo\u001b[39m","message":"\u001b[32mAnalytics event processed\u001b[39m","timestamp":"2025-10-19 23:33:21:3321"}
{"eventId":"57bc3460-aae6-49ac-9dc7-a75f94c28bc6","eventType":"system_health_check","level":"\u001b[32minfo\u001b[39m","message":"\u001b[32mAnalytics event processed\u001b[39m","timestamp":"2025-10-19 23:33:51:3351"}
{"eventId":"2655b003-4676-4d09-ac21-deb8c2f19111","eventType":"system_health_check","level":"\u001b[32minfo\u001b[39m","message":"\u001b[32mAnalytics event processed\u001b[39m","timestamp":"2025-10-19 23:34:21:3421"}
{"eventId":"9fb80b3a-8a23-4c1f-a884-3889acc0305e","eventType":"system_health_check","level":"\u001b[32minfo\u001b[39m","message":"\u001b[32mAnalytics event processed\u001b[39m","timestamp":"2025-10-19 23:34:51:3451"}
{"eventId":"f05a051a-6fe8-4f25-82f1-5a6dd89b9eee","eventType":"system_health_check","level":"\u001b[32minfo\u001b[39m","message":"\u001b[32mAnalytics event processed\u001b[39m","timestamp":"2025-10-19 23:35:21:3521"}
{"eventId":"db994755-3322-487e-924a-31b8767f1069","eventType":"system_health_check","level":"\u001b[32minfo\u001b[39m","message":"\u001b[32mAnalytics event processed\u001b[39m","timestamp":"2025-10-19 23:35:51:3551"}
{"eventId":"8f47ff88-15a5-4804-8f01-04fca6839953","eventType":"system_health_check","level":"\u001b[32minfo\u001b[39m","message":"\u001b[32mAnalytics event processed\u001b[39m","timestamp":"2025-10-19 23:36:21:3621"}
{"eventId":"6793cea5-6a32-437d-ad83-06158ef23a78","eventType":"system_health_check","level":"\u001b[32minfo\u001b[39m","message":"\u001b[32mAnalytics event processed\u001b[39m","timestamp":"2025-10-19 23:36:51:3651"}
{"eventId":"42c400e6-8013-4790-ad90-c3830d919aae","eventType":"system_health_check","level":"\u001b[32minfo\u001b[39m","message":"\u001b[32mAnalytics event processed\u001b[39m","timestamp":"2025-10-19 23:37:21:3721"}
{"eventId":"ab3593f9-06a4-429f-9395-e6674159f24b","eventType":"system_health_check","level":"\u001b[32minfo\u001b[39m","message":"\u001b[32mAnalytics event processed\u001b[39m","timestamp":"2025-10-19 23:37:51:3751"}
{"eventId":"63eaf3b1-25d6-4b9a-a874-9372170c27d7","eventType":"system_health_check","level":"\u001b[32minfo\u001b[39m","message":"\u001b[32mAnalytics event processed\u001b[39m","timestamp":"2025-10-19 23:38:21:3821"}
{"eventId":"bf043efa-8173-4f28-857b-265bf3f63403","eventType":"system_health_check","level":"\u001b[32minfo\u001b[39m","message":"\u001b[32mAnalytics event processed\u001b[39m","timestamp":"2025-10-19 23:38:51:3851"}
{"eventId":"ed887fc1-6c0b-49e0-9fea-d017e9bcbe4c","eventType":"system_health_check","level":"\u001b[32minfo\u001b[39m","message":"\u001b[32mAnalytics event processed\u001b[39m","timestamp":"2025-10-19 23:39:21:3921"}
{"eventId":"8496f84f-fe92-49ff-a6fe-48dca60b8fac","eventType":"system_health_check","level":"\u001b[32minfo\u001b[39m","message":"\u001b[32mAnalytics event processed\u001b[39m","timestamp":"2025-10-19 23:39:51:3951"}
{"eventId":"fe64b5fc-6c9e-4879-b728-c911160bbd9c","eventType":"system_health_check","level":"\u001b[32minfo\u001b[39m","message":"\u001b[32mAnalytics event processed\u001b[39m","timestamp":"2025-10-19 23:40:21:4021"}
{"eventId":"b77ef697-afa2-447d-a62d-246c0dfe2483","eventType":"system_health_check","level":"\u001b[32minfo\u001b[39m","message":"\u001b[32mAnalytics event processed\u001b[39m","timestamp":"2025-10-19 23:40:51:4051"}
{"eventId":"2d1a47b8-595d-4d6e-9a6c-cca065ea3e82","eventType":"system_health_check","level":"\u001b[32minfo\u001b[39m","message":"\u001b[32mAnalytics event processed\u001b[39m","timestamp":"2025-10-19 23:41:21:4121"}
{"eventId":"a5f43844-1cb3-4b15-91bc-0d8a9691fd0b","eventType":"system_health_check","level":"\u001b[32minfo\u001b[39m","message":"\u001b[32mAnalytics event processed\u001b[39m","timestamp":"2025-10-19 23:41:51:4151"}
{"eventId":"2f2d6fa1-fe1c-4a15-b540-7950a5c3a7c3","eventType":"system_health_check","level":"\u001b[32minfo\u001b[39m","message":"\u001b[32mAnalytics event processed\u001b[39m","timestamp":"2025-10-19 23:42:21:4221"}
{"eventId":"70f9dd3e-eafc-483b-97fa-1f66a79e8027","eventType":"system_health_check","level":"\u001b[32minfo\u001b[39m","message":"\u001b[32mAnalytics event processed\u001b[39m","timestamp":"2025-10-19 23:42:51:4251"}
{"eventId":"26939174-c621-4d23-88ff-b41dace18d09","eventType":"system_health_check","level":"\u001b[32minfo\u001b[39m","message":"\u001b[32mAnalytics event processed\u001b[39m","timestamp":"2025-10-19 23:43:21:4321"}
{"eventId":"bae57a0a-15fb-4962-ac48-f4bf5c4601ae","eventType":"system_health_check","level":"\u001b[32minfo\u001b[39m","message":"\u001b[32mAnalytics event processed\u001b[39m","timestamp":"2025-10-19 23:43:51:4351"}
{"eventId":"9ae09714-d644-40f1-b2d0-8445359dc12d","eventType":"system_health_check","level":"\u001b[32minfo\u001b[39m","message":"\u001b[32mAnalytics event processed\u001b[39m","timestamp":"2025-10-19 23:44:21:4421"}
{"eventId":"8eaecfd2-6787-4b75-80cf-c3370992e2b3","eventType":"system_health_check","level":"\u001b[32minfo\u001b[39m","message":"\u001b[32mAnalytics event processed\u001b[39m","timestamp":"2025-10-19 23:44:51:4451"}
{"eventId":"c4128a64-6e41-4110-8a17-e08be391555b","eventType":"system_health_check","level":"\u001b[32minfo\u001b[39m","message":"\u001b[32mAnalytics event processed\u001b[39m","timestamp":"2025-10-19 23:45:21:4521"}
{"eventId":"60e67e4b-088b-434d-afaa-4376b90cb208","eventType":"system_health_check","level":"\u001b[32minfo\u001b[39m","message":"\u001b[32mAnalytics event processed\u001b[39m","timestamp":"2025-10-19 23:45:51:4551"}
{"eventId":"037b793a-759a-4fda-9acd-cce05288dfa1","eventType":"system_health_check","level":"\u001b[32minfo\u001b[39m","message":"\u001b[32mAnalytics event processed\u001b[39m","timestamp":"2025-10-19 23:46:21:4621"}
{"eventId":"f6064334-6295-4cac-ae0b-d08404a9249a","eventType":"system_health_check","level":"\u001b[32minfo\u001b[39m","message":"\u001b[32mAnalytics event processed\u001b[39m","timestamp":"2025-10-19 23:46:51:4651"}
{"eventId":"c2d0666f-d488-4494-a579-761f419733af","eventType":"system_health_check","level":"\u001b[32minfo\u001b[39m","message":"\u001b[32mAnalytics event processed\u001b[39m","timestamp":"2025-10-19 23:47:21:4721"}
{"eventId":"220ca7b0-a16e-4759-b809-73352df9a44a","eventType":"system_health_check","level":"\u001b[32minfo\u001b[39m","message":"\u001b[32mAnalytics event processed\u001b[39m","timestamp":"2025-10-19 23:47:51:4751"}
{"eventId":"618084f3-d4f0-490a-a08f-2b596478ca60","eventType":"system_health_check","level":"\u001b[32minfo\u001b[39m","message":"\u001b[32mAnalytics event processed\u001b[39m","timestamp":"2025-10-19 23:48:21:4821"}
{"eventId":"2b2334d0-09cb-46bf-ac21-35346101a325","eventType":"system_health_check","level":"\u001b[32minfo\u001b[39m","message":"\u001b[32mAnalytics event processed\u001b[39m","timestamp":"2025-10-19 23:48:51:4851"}
{"eventId":"ab29e905-0a7e-4575-a265-62dc4fb1480f","eventType":"system_health_check","level":"\u001b[32minfo\u001b[39m","message":"\u001b[32mAnalytics event processed\u001b[39m","timestamp":"2025-10-19 23:49:21:4921"}
{"eventId":"85d32cc8-578e-40ee-bc17-2486bb511d0e","eventType":"system_health_check","level":"\u001b[32minfo\u001b[39m","message":"\u001b[32mAnalytics event processed\u001b[39m","timestamp":"2025-10-19 23:49:51:4951"}
{"eventId":"1661c4bd-ae31-4102-9575-7acf15ee3c27","eventType":"system_health_check","level":"\u001b[32minfo\u001b[39m","message":"\u001b[32mAnalytics event processed\u001b[39m","timestamp":"2025-10-19 23:50:21:5021"}
{"eventId":"32903b59-2dd9-4638-a76d-bbd8b4b63b1f","eventType":"system_health_check","level":"\u001b[32minfo\u001b[39m","message":"\u001b[32mAnalytics event processed\u001b[39m","timestamp":"2025-10-19 23:50:51:5051"}
{"eventId":"6836ceb7-d0b6-43ef-b717-82b35adc3d05","eventType":"system_health_check","level":"\u001b[32minfo\u001b[39m","message":"\u001b[32mAnalytics event processed\u001b[39m","timestamp":"2025-10-19 23:51:21:5121"}
{"eventId":"7073e6c8-4d8d-44a4-96a5-f90b6acb26c2","eventType":"system_health_check","level":"\u001b[32minfo\u001b[39m","message":"\u001b[32mAnalytics event processed\u001b[39m","timestamp":"2025-10-19 23:51:51:5151"}
{"eventId":"0bef8a1a-00be-424c-a9d4-ce5856636e3e","eventType":"system_health_check","level":"\u001b[32minfo\u001b[39m","message":"\u001b[32mAnalytics event processed\u001b[39m","timestamp":"2025-10-19 23:52:21:5221"}
{"eventId":"45fbcf45-dc64-4957-b31b-2585a6d7e2fb","eventType":"system_health_check","level":"\u001b[32minfo\u001b[39m","message":"\u001b[32mAnalytics event processed\u001b[39m","timestamp":"2025-10-19 23:52:51:5251"}
{"eventId":"d018fc46-e682-4c92-96cb-0b587c7194bc","eventType":"system_health_check","level":"\u001b[32minfo\u001b[39m","message":"\u001b[32mAnalytics event processed\u001b[39m","timestamp":"2025-10-19 23:53:21:5321"}
{"eventId":"3adee34b-70c8-4ee4-a3c9-ccdab0c411c5","eventType":"system_health_check","level":"\u001b[32minfo\u001b[39m","message":"\u001b[32mAnalytics event processed\u001b[39m","timestamp":"2025-10-19 23:53:51:5351"}
{"eventId":"19189529-2206-4ca2-af71-6f3408746555","eventType":"system_health_check","level":"\u001b[32minfo\u001b[39m","message":"\u001b[32mAnalytics event processed\u001b[39m","timestamp":"2025-10-19 23:54:21:5421"}
{"eventId":"b02e9482-3936-474f-b5dc-ecc570841595","eventType":"system_health_check","level":"\u001b[32minfo\u001b[39m","message":"\u001b[32mAnalytics event processed\u001b[39m","timestamp":"2025-10-19 23:54:51:5451"}
{"eventId":"9063e3f9-a76f-49f4-9224-14dbe0a077e1","eventType":"system_health_check","level":"\u001b[32minfo\u001b[39m","message":"\u001b[32mAnalytics event processed\u001b[39m","timestamp":"2025-10-19 23:55:21:5521"}
{"eventId":"b4d4083c-9a43-48dc-ba37-b21adb5d09db","eventType":"system_health_check","level":"\u001b[32minfo\u001b[39m","message":"\u001b[32mAnalytics event processed\u001b[39m","timestamp":"2025-10-19 23:55:51:5551"}
{"eventId":"6b946c65-5ab4-4aac-a0d1-9e98dfe82eda","eventType":"system_health_check","level":"\u001b[32minfo\u001b[39m","message":"\u001b[32mAnalytics event processed\u001b[39m","timestamp":"2025-10-19 23:56:21:5621"}
{"eventId":"7e0b733d-0e50-4068-9a60-fca71a7c1e7c","eventType":"system_health_check","level":"\u001b[32minfo\u001b[39m","message":"\u001b[32mAnalytics event processed\u001b[39m","timestamp":"2025-10-19 23:56:51:5651"}
{"eventId":"f06f84d5-8bf0-4370-9aba-4991826b330e","eventType":"system_health_check","level":"\u001b[32minfo\u001b[39m","message":"\u001b[32mAnalytics event processed\u001b[39m","timestamp":"2025-10-19 23:57:21:5721"}
{"eventId":"fa193583-d711-4d3c-b433-9612a9251239","eventType":"system_health_check","level":"\u001b[32minfo\u001b[39m","message":"\u001b[32mAnalytics event processed\u001b[39m","timestamp":"2025-10-19 23:57:51:5751"}
{"eventId":"50a5d7a3-7a96-41b0-b54b-e55a39db34fd","eventType":"system_health_check","level":"\u001b[32minfo\u001b[39m","message":"\u001b[32mAnalytics event processed\u001b[39m","timestamp":"2025-10-19 23:58:21:5821"}
{"eventId":"765e9f68-b84f-4e89-9cef-f607c99ac34b","eventType":"system_health_check","level":"\u001b[32minfo\u001b[39m","message":"\u001b[32mAnalytics event processed\u001b[39m","timestamp":"2025-10-19 23:58:51:5851"}
{"eventId":"1e14f74a-34eb-4b49-93be-cbe64b2da036","eventType":"system_health_check","level":"\u001b[32minfo\u001b[39m","message":"\u001b[32mAnalytics event processed\u001b[39m","timestamp":"2025-10-19 23:59:21:5921"}
{"eventId":"bb650f31-197f-467f-a4c9-b83f8780fc0e","eventType":"system_health_check","level":"\u001b[32minfo\u001b[39m","message":"\u001b[32mAnalytics event processed\u001b[39m","timestamp":"2025-10-19 23:59:51:5951"}
{"eventId":"897750a2-0f57-41a4-b941-1a058c603b3a","eventType":"system_health_check","level":"\u001b[32minfo\u001b[39m","message":"\u001b[32mAnalytics event processed\u001b[39m","timestamp":"2025-10-20 00:00:21:021"}
{"eventId":"ac09b71a-2ed3-4878-a7fa-8b45cd476fab","eventType":"system_health_check","level":"\u001b[32minfo\u001b[39m","message":"\u001b[32mAnalytics event processed\u001b[39m","timestamp":"2025-10-20 00:00:51:051"}
{"eventId":"08d77805-82d2-4154-a1d2-a939c1253b30","eventType":"system_health_check","level":"\u001b[32minfo\u001b[39m","message":"\u001b[32mAnalytics event processed\u001b[39m","timestamp":"2025-10-20 00:01:21:121"}
{"eventId":"c9753e79-48e5-4d31-99cb-0f40722affc8","eventType":"system_health_check","level":"\u001b[32minfo\u001b[39m","message":"\u001b[32mAnalytics event processed\u001b[39m","timestamp":"2025-10-20 00:01:51:151"}
{"eventId":"ea4b87c3-27a8-4198-884f-263daf41a377","eventType":"system_health_check","level":"\u001b[32minfo\u001b[39m","message":"\u001b[32mAnalytics event processed\u001b[39m","timestamp":"2025-10-20 00:02:21:221"}
{"eventId":"8e82eeac-df72-44d6-805a-9bbf15ba1097","eventType":"system_health_check","level":"\u001b[32minfo\u001b[39m","message":"\u001b[32mAnalytics event processed\u001b[39m","timestamp":"2025-10-20 00:02:51:251"}
{"eventId":"3ab3b222-cfaf-4920-be60-f3853e292068","eventType":"system_health_check","level":"\u001b[32minfo\u001b[39m","message":"\u001b[32mAnalytics event processed\u001b[39m","timestamp":"2025-10-20 00:03:21:321"}
{"eventId":"1598c147-ec2b-415b-8fb4-9201560b6092","eventType":"system_health_check","level":"\u001b[32minfo\u001b[39m","message":"\u001b[32mAnalytics event processed\u001b[39m","timestamp":"2025-10-20 00:03:51:351"}
{"eventId":"7aea06bd-5ca2-44b8-968b-b8924103ffd0","eventType":"system_health_check","level":"\u001b[32minfo\u001b[39m","message":"\u001b[32mAnalytics event processed\u001b[39m","timestamp":"2025-10-20 00:04:21:421"}
{"eventId":"89eb11fa-4f37-4e1c-bf10-6cfdbb6178f3","eventType":"system_health_check","level":"\u001b[32minfo\u001b[39m","message":"\u001b[32mAnalytics event processed\u001b[39m","timestamp":"2025-10-20 00:04:51:451"}
{"eventId":"91664f34-556a-446a-a984-f2cf8ea6b6d0","eventType":"system_health_check","level":"\u001b[32minfo\u001b[39m","message":"\u001b[32mAnalytics event processed\u001b[39m","timestamp":"2025-10-20 00:05:21:521"}
{"eventId":"b03b61bb-e952-49d4-bfe6-b307f5a92f5f","eventType":"system_health_check","level":"\u001b[32minfo\u001b[39m","message":"\u001b[32mAnalytics event processed\u001b[39m","timestamp":"2025-10-20 00:05:51:551"}
{"eventId":"eae2ef49-5eda-4b7f-8f64-5b16366c9b88","eventType":"system_health_check","level":"\u001b[32minfo\u001b[39m","message":"\u001b[32mAnalytics event processed\u001b[39m","timestamp":"2025-10-20 00:06:21:621"}
{"eventId":"e3f0138c-81c2-40e1-91b5-4d194854c86e","eventType":"system_health_check","level":"\u001b[32minfo\u001b[39m","message":"\u001b[32mAnalytics event processed\u001b[39m","timestamp":"2025-10-20 00:06:51:651"}
{"eventId":"b9650ba7-2fd9-4b51-b02d-f15baf765309","eventType":"system_health_check","level":"\u001b[32minfo\u001b[39m","message":"\u001b[32mAnalytics event processed\u001b[39m","timestamp":"2025-10-20 00:07:21:721"}
{"eventId":"96f1833f-6a45-440f-9240-cc4b914d2aff","eventType":"system_health_check","level":"\u001b[32minfo\u001b[39m","message":"\u001b[32mAnalytics event processed\u001b[39m","timestamp":"2025-10-20 00:07:51:751"}
{"eventId":"46d2a517-f063-4c4b-a7c4-020c9f17d154","eventType":"system_health_check","level":"\u001b[32minfo\u001b[39m","message":"\u001b[32mAnalytics event processed\u001b[39m","timestamp":"2025-10-20 00:08:21:821"}
{"eventId":"201bcc4e-2cad-4373-ad02-874339f251c2","eventType":"system_health_check","level":"\u001b[32minfo\u001b[39m","message":"\u001b[32mAnalytics event processed\u001b[39m","timestamp":"2025-10-20 00:08:51:851"}
{"eventId":"acc554e1-667b-494f-8072-b158a3a62fae","eventType":"system_health_check","level":"\u001b[32minfo\u001b[39m","message":"\u001b[32mAnalytics event processed\u001b[39m","timestamp":"2025-10-20 00:09:21:921"}
{"eventId":"16a3555b-f889-41de-8fe6-8c1babf9cfe9","eventType":"system_health_check","level":"\u001b[32minfo\u001b[39m","message":"\u001b[32mAnalytics event processed\u001b[39m","timestamp":"2025-10-20 00:09:51:951"}
{"eventId":"bb614820-f9e6-4551-8d0c-c48cb1de2167","eventType":"system_health_check","level":"\u001b[32minfo\u001b[39m","message":"\u001b[32mAnalytics event processed\u001b[39m","timestamp":"2025-10-20 00:10:21:1021"}
{"eventId":"e51cbe74-d507-40c9-b820-a15247fd60cb","eventType":"system_health_check","level":"\u001b[32minfo\u001b[39m","message":"\u001b[32mAnalytics event processed\u001b[39m","timestamp":"2025-10-20 00:10:51:1051"}
{"eventId":"398cfc92-fd80-49d8-9572-8c3cfcababb4","eventType":"system_health_check","level":"\u001b[32minfo\u001b[39m","message":"\u001b[32mAnalytics event processed\u001b[39m","timestamp":"2025-10-20 00:11:21:1121"}
{"eventId":"9adfa7ea-baa7-46b2-8b25-cc6ee36bab71","eventType":"system_health_check","level":"\u001b[32minfo\u001b[39m","message":"\u001b[32mAnalytics event processed\u001b[39m","timestamp":"2025-10-20 00:11:51:1151"}
{"eventId":"c93c9510-a1c5-499b-8fad-11588d985742","eventType":"system_health_check","level":"\u001b[32minfo\u001b[39m","message":"\u001b[32mAnalytics event processed\u001b[39m","timestamp":"2025-10-20 00:12:21:1221"}
{"eventId":"30eae5f0-8172-4161-a8f2-595fb3fe03a5","eventType":"system_health_check","level":"\u001b[32minfo\u001b[39m","message":"\u001b[32mAnalytics event processed\u001b[39m","timestamp":"2025-10-20 00:12:52:1252"}
{"eventId":"b7554b8b-3495-4c63-a567-88cf891bd11c","eventType":"system_health_check","level":"\u001b[32minfo\u001b[39m","message":"\u001b[32mAnalytics event processed\u001b[39m","timestamp":"2025-10-20 00:13:22:1322"}
{"eventId":"1f676fa0-cb7e-4c35-a455-eca42a4dbe35","eventType":"system_health_check","level":"\u001b[32minfo\u001b[39m","message":"\u001b[32mAnalytics event processed\u001b[39m","timestamp":"2025-10-20 00:13:52:1352"}
{"eventId":"aa86251f-eb33-4a69-9f43-b6e1446ed616","eventType":"system_health_check","level":"\u001b[32minfo\u001b[39m","message":"\u001b[32mAnalytics event processed\u001b[39m","timestamp":"2025-10-20 00:14:22:1422"}
{"eventId":"5e63c8f0-7365-4bba-adea-b41a462e632e","eventType":"system_health_check","level":"\u001b[32minfo\u001b[39m","message":"\u001b[32mAnalytics event processed\u001b[39m","timestamp":"2025-10-20 00:14:52:1452"}
{"eventId":"bd22231a-1f3d-4275-b92e-ec75e06d1b0a","eventType":"system_health_check","level":"\u001b[32minfo\u001b[39m","message":"\u001b[32mAnalytics event processed\u001b[39m","timestamp":"2025-10-20 00:15:22:1522"}
{"eventId":"e8f93f4c-b419-4427-aa28-01a0b0919338","eventType":"system_health_check","level":"\u001b[32minfo\u001b[39m","message":"\u001b[32mAnalytics event processed\u001b[39m","timestamp":"2025-10-20 00:15:52:1552"}
{"eventId":"e9648eb3-fbdc-4d67-83f8-df78f6f57bb7","eventType":"system_health_check","level":"\u001b[32minfo\u001b[39m","message":"\u001b[32mAnalytics event processed\u001b[39m","timestamp":"2025-10-20 00:16:22:1622"}
{"eventId":"ff34555c-cf7f-4751-bc57-0bc04b21b50a","eventType":"system_health_check","level":"\u001b[32minfo\u001b[39m","message":"\u001b[32mAnalytics event processed\u001b[39m","timestamp":"2025-10-20 00:16:52:1652"}
{"eventId":"ca70c599-d021-4970-847b-4814a9345fbd","eventType":"system_health_check","level":"\u001b[32minfo\u001b[39m","message":"\u001b[32mAnalytics event processed\u001b[39m","timestamp":"2025-10-20 00:17:22:1722"}
{"eventId":"9da527bc-c5b5-4982-b36b-07529362e175","eventType":"system_health_check","level":"\u001b[32minfo\u001b[39m","message":"\u001b[32mAnalytics event processed\u001b[39m","timestamp":"2025-10-20 00:17:52:1752"}
{"eventId":"18a2db51-124c-4896-b2f6-c89190fa909f","eventType":"system_health_check","level":"\u001b[32minfo\u001b[39m","message":"\u001b[32mAnalytics event processed\u001b[39m","timestamp":"2025-10-20 00:18:22:1822"}
{"eventId":"79687063-32f6-444f-92da-83b34a608606","eventType":"system_health_check","level":"\u001b[32minfo\u001b[39m","message":"\u001b[32mAnalytics event processed\u001b[39m","timestamp":"2025-10-20 00:18:52:1852"}
