{"action":"unknown","eventId":"a3a974dc-32a7-4a0e-bc6f-d46eb7cb070a","eventType":"system_health_check","level":"\u001b[32minfo\u001b[39m","message":"\u001b[32mAudit event processed\u001b[39m","resource":"system:kafka-monitor","timestamp":"2025-10-12 23:12:35:1235"}
{"action":"unknown","eventId":"865832bd-3c71-4176-9770-a6bae1eaa924","eventType":"system_health_check","level":"\u001b[32minfo\u001b[39m","message":"\u001b[32mAudit event processed\u001b[39m","resource":"system:kafka-monitor","timestamp":"2025-10-12 23:12:35:1235"}
{"action":"unknown","eventId":"be6bd4d8-c4ac-46c2-a757-2bc0a6905b31","eventType":"system_health_check","level":"\u001b[32minfo\u001b[39m","message":"\u001b[32mAudit event processed\u001b[39m","resource":"system:integration-test","timestamp":"2025-10-12 23:12:35:1235"}
{"action":"unknown","eventId":"fa0d72f0-8286-4fec-ac6b-aeed6acf142f","eventType":"system_health_check","level":"\u001b[32minfo\u001b[39m","message":"\u001b[32mAudit event processed\u001b[39m","resource":"system:kafka-monitor","timestamp":"2025-10-12 23:12:35:1235"}
{"action":"unknown","eventId":"5df23689-b052-47fc-8f2a-77293560bcd2","eventType":"system_health_check","level":"\u001b[32minfo\u001b[39m","message":"\u001b[32mAudit event processed\u001b[39m","resource":"system:kafka-monitor","timestamp":"2025-10-12 23:12:35:1235"}
{"action":"unknown","eventId":"248c984d-793f-4003-8f7d-fddf92d15baa","eventType":"system_health_check","level":"\u001b[32minfo\u001b[39m","message":"\u001b[32mAudit event processed\u001b[39m","resource":"system:integration-test","timestamp":"2025-10-12 23:12:35:1235"}
{"action":"unknown","eventId":"5c13fe19-7934-43b9-8b1e-b4bb78ea2a75","eventType":"system_health_check","level":"\u001b[32minfo\u001b[39m","message":"\u001b[32mAudit event processed\u001b[39m","resource":"system:kafka-monitor","timestamp":"2025-10-12 23:13:32:1332"}
{"action":"unknown","eventId":"c475d9d5-bc6b-4d0c-ae79-8be59a62d3d2","eventType":"system_health_check","level":"\u001b[32minfo\u001b[39m","message":"\u001b[32mAudit event processed\u001b[39m","resource":"system:kafka-monitor","timestamp":"2025-10-12 23:13:32:1332"}
{"action":"unknown","eventId":"92d785cd-f236-4edf-a9ed-5bbd25b513ac","eventType":"system_health_check","level":"\u001b[32minfo\u001b[39m","message":"\u001b[32mAudit event processed\u001b[39m","resource":"system:integration-test","timestamp":"2025-10-12 23:13:32:1332"}
{"action":"unknown","eventId":"1bc6446d-4ac7-473a-8003-1ecba3a7e2e7","eventType":"system_health_check","level":"\u001b[32minfo\u001b[39m","message":"\u001b[32mAudit event processed\u001b[39m","resource":"system:kafka-monitor","timestamp":"2025-10-12 23:13:50:1350"}
{"action":"unknown","eventId":"47a0ec6a-f115-4bf0-8ce0-a8d1c3c6ba04","eventType":"system_health_check","level":"\u001b[32minfo\u001b[39m","message":"\u001b[32mAudit event processed\u001b[39m","resource":"system:kafka-monitor","timestamp":"2025-10-12 23:13:50:1350"}
{"action":"unknown","eventId":"e3322710-3d42-44ed-8994-6aa25d713620","eventType":"system_health_check","level":"\u001b[32minfo\u001b[39m","message":"\u001b[32mAudit event processed\u001b[39m","resource":"system:integration-test","timestamp":"2025-10-12 23:13:50:1350"}
{"action":"unknown","eventId":"ebb3a1d6-25f0-4495-a2a5-a3ec2b749e6a","eventType":"system_health_check","level":"\u001b[32minfo\u001b[39m","message":"\u001b[32mAudit event processed\u001b[39m","resource":"system:kafka-monitor","timestamp":"2025-10-12 23:14:02:142"}
{"action":"unknown","eventId":"f5ca99ef-0c67-41b3-8104-1f8ff0945306","eventType":"system_health_check","level":"\u001b[32minfo\u001b[39m","message":"\u001b[32mAudit event processed\u001b[39m","resource":"system:kafka-monitor","timestamp":"2025-10-12 23:14:02:142"}
{"action":"unknown","eventId":"021bcec0-5272-481f-8244-4c3ddec87313","eventType":"system_health_check","level":"\u001b[32minfo\u001b[39m","message":"\u001b[32mAudit event processed\u001b[39m","resource":"system:integration-test","timestamp":"2025-10-12 23:14:02:142"}
{"action":"unknown","eventId":"ec4b06ab-c499-4caa-8c64-5ab008fda44c","eventType":"system_health_check","level":"\u001b[32minfo\u001b[39m","message":"\u001b[32mAudit event processed\u001b[39m","resource":"system:kafka-monitor","timestamp":"2025-10-12 23:14:16:1416"}
{"action":"unknown","eventId":"654ff2e3-f239-461f-80ca-68fd9d65eb89","eventType":"system_health_check","level":"\u001b[32minfo\u001b[39m","message":"\u001b[32mAudit event processed\u001b[39m","resource":"system:kafka-monitor","timestamp":"2025-10-12 23:14:17:1417"}
{"action":"unknown","eventId":"70746ae6-f869-4832-9795-6516820539a8","eventType":"system_health_check","level":"\u001b[32minfo\u001b[39m","message":"\u001b[32mAudit event processed\u001b[39m","resource":"system:integration-test","timestamp":"2025-10-12 23:14:17:1417"}
{"action":"unknown","eventId":"09220f3b-6443-4da5-8637-a3083b91ce29","eventType":"system_health_check","level":"\u001b[32minfo\u001b[39m","message":"\u001b[32mAudit event processed\u001b[39m","resource":"system:kafka-monitor","timestamp":"2025-10-12 23:14:38:1438"}
{"action":"unknown","eventId":"3d250836-8336-4429-8091-c32f7c286574","eventType":"system_health_check","level":"\u001b[32minfo\u001b[39m","message":"\u001b[32mAudit event processed\u001b[39m","resource":"system:kafka-monitor","timestamp":"2025-10-12 23:14:38:1438"}
{"action":"unknown","eventId":"e665ab66-50f7-4d09-b5db-0d1727b43849","eventType":"system_health_check","level":"\u001b[32minfo\u001b[39m","message":"\u001b[32mAudit event processed\u001b[39m","resource":"system:integration-test","timestamp":"2025-10-12 23:14:38:1438"}
{"action":"unknown","eventId":"b4cd23f5-ca21-4ec9-8c3c-c30766fce5cc","eventType":"system_health_check","level":"\u001b[32minfo\u001b[39m","message":"\u001b[32mAudit event processed\u001b[39m","resource":"system:kafka-monitor","timestamp":"2025-10-12 23:14:53:1453"}
{"action":"unknown","eventId":"2262828c-d5f9-4306-94ce-d4c90d910353","eventType":"system_health_check","level":"\u001b[32minfo\u001b[39m","message":"\u001b[32mAudit event processed\u001b[39m","resource":"system:kafka-monitor","timestamp":"2025-10-12 23:14:53:1453"}
{"action":"unknown","eventId":"8500787d-3ad2-4669-acf4-48b8ecd8c90c","eventType":"system_health_check","level":"\u001b[32minfo\u001b[39m","message":"\u001b[32mAudit event processed\u001b[39m","resource":"system:integration-test","timestamp":"2025-10-12 23:14:53:1453"}
{"action":"unknown","eventId":"7ee643ef-a367-47fa-963a-bc9364a8425c","eventType":"system_health_check","level":"\u001b[32minfo\u001b[39m","message":"\u001b[32mAudit event processed\u001b[39m","resource":"system:kafka-monitor","timestamp":"2025-10-12 23:15:13:1513"}
{"action":"unknown","eventId":"9199abd0-8db3-4d9a-94e9-bca399eb6342","eventType":"system_health_check","level":"\u001b[32minfo\u001b[39m","message":"\u001b[32mAudit event processed\u001b[39m","resource":"system:kafka-monitor","timestamp":"2025-10-12 23:15:13:1513"}
{"action":"unknown","eventId":"dd8a59b5-64f6-4421-9347-d69c1c121120","eventType":"system_health_check","level":"\u001b[32minfo\u001b[39m","message":"\u001b[32mAudit event processed\u001b[39m","resource":"system:integration-test","timestamp":"2025-10-12 23:15:13:1513"}
{"action":"unknown","eventId":"3d476918-c3c5-4cab-8a79-f5f0f5122f86","eventType":"system_health_check","level":"\u001b[32minfo\u001b[39m","message":"\u001b[32mAudit event processed\u001b[39m","resource":"system:kafka-monitor","timestamp":"2025-10-12 23:15:35:1535"}
{"action":"unknown","eventId":"43b98033-024b-429d-9e78-57fd1d117e5b","eventType":"system_health_check","level":"\u001b[32minfo\u001b[39m","message":"\u001b[32mAudit event processed\u001b[39m","resource":"system:kafka-monitor","timestamp":"2025-10-12 23:15:36:1536"}
{"action":"unknown","eventId":"840e2477-e670-405a-9790-38b882d98997","eventType":"system_health_check","level":"\u001b[32minfo\u001b[39m","message":"\u001b[32mAudit event processed\u001b[39m","resource":"system:integration-test","timestamp":"2025-10-12 23:15:36:1536"}
{"eventId":"3df3dcd0-7c9c-4868-9879-2009764e062d","eventType":"system_health_check","level":"\u001b[32minfo\u001b[39m","message":"\u001b[32mAnalytics event processed\u001b[39m","timestamp":"2025-10-13 00:14:33:1433"}
{"eventId":"7910e857-9589-406f-8d31-53403243306a","eventType":"system_health_check","level":"\u001b[32minfo\u001b[39m","message":"\u001b[32mAnalytics event processed\u001b[39m","timestamp":"2025-10-13 00:15:03:153"}
{"eventId":"255cd6f7-471c-4733-b93f-632a8b7dd9cf","eventType":"system_health_check","level":"\u001b[32minfo\u001b[39m","message":"\u001b[32mAnalytics event processed\u001b[39m","timestamp":"2025-10-13 00:15:33:1533"}
{"eventId":"a73d5b00-d4f0-403a-bba5-665cb0518de6","eventType":"system_health_check","level":"\u001b[32minfo\u001b[39m","message":"\u001b[32mAnalytics event processed\u001b[39m","timestamp":"2025-10-13 00:16:03:163"}
{"eventId":"74473a45-374d-4679-af85-0bcf34ff44cc","eventType":"system_health_check","level":"\u001b[32minfo\u001b[39m","message":"\u001b[32mAnalytics event processed\u001b[39m","timestamp":"2025-10-13 00:16:33:1633"}
{"eventId":"cb04ad78-1655-4c5d-b287-f17e650bda1e","eventType":"system_health_check","level":"\u001b[32minfo\u001b[39m","message":"\u001b[32mAnalytics event processed\u001b[39m","timestamp":"2025-10-13 00:17:03:173"}
{"eventId":"af8073f3-f7ad-4bb9-bf55-b1201f4718fb","eventType":"system_health_check","level":"\u001b[32minfo\u001b[39m","message":"\u001b[32mAnalytics event processed\u001b[39m","timestamp":"2025-10-13 00:36:54:3654"}
{"action":"unknown","eventId":"4ef8492b-1fd9-4ba4-8edc-2308b9ad7ae6","eventType":"system_health_check","level":"\u001b[32minfo\u001b[39m","message":"\u001b[32mAudit event processed\u001b[39m","resource":"system:kafka-monitor","timestamp":"2025-10-13 00:49:05:495"}
{"action":"unknown","eventId":"b99452fe-9c25-42df-a76c-8659ca0fee57","eventType":"system_health_check","level":"\u001b[32minfo\u001b[39m","message":"\u001b[32mAudit event processed\u001b[39m","resource":"system:kafka-monitor","timestamp":"2025-10-13 00:49:35:4935"}
{"action":"unknown","eventId":"e2dc11e0-8258-4624-8be5-cb205e8c2305","eventType":"system_health_check","level":"\u001b[32minfo\u001b[39m","message":"\u001b[32mAudit event processed\u001b[39m","resource":"system:kafka-monitor","timestamp":"2025-10-13 00:50:05:505"}
{"action":"unknown","eventId":"2cc38689-9964-42f8-a368-d4471fc9e005","eventType":"system_health_check","level":"\u001b[32minfo\u001b[39m","message":"\u001b[32mAudit event processed\u001b[39m","resource":"system:kafka-monitor","timestamp":"2025-10-13 00:50:35:5035"}
{"action":"unknown","eventId":"26b5a58d-6292-48dc-bb40-95f4bc722c8a","eventType":"system_health_check","level":"\u001b[32minfo\u001b[39m","message":"\u001b[32mAudit event processed\u001b[39m","resource":"system:kafka-monitor","timestamp":"2025-10-13 00:51:05:515"}
{"action":"update","eventId":"aba6bd71-a706-4162-86a4-e326125e4761","eventType":"ppe_item_stock_updated","level":"\u001b[32minfo\u001b[39m","message":"\u001b[32mAudit event processed\u001b[39m","resource":"ppe","timestamp":"2025-10-13 01:11:39:1139","userId":"68e75dfadcfd0d51f3698e2d"}
{"action":"create","eventId":"be978c48-aa06-469b-96f0-99b15896c1e6","eventType":"ppe_item_created","level":"\u001b[32minfo\u001b[39m","message":"\u001b[32mAudit event processed\u001b[39m","resource":"ppe","timestamp":"2025-10-13 02:05:42:542","userId":"68e75dfadcfd0d51f3698e2d"}
{"action":"create","eventId":"798d3e61-94c0-4fcb-ba46-5143a74726fe","eventType":"ppe_item_created","level":"\u001b[32minfo\u001b[39m","message":"\u001b[32mAudit event processed\u001b[39m","resource":"ppe","timestamp":"2025-10-13 02:06:08:68","userId":"68e75dfadcfd0d51f3698e2d"}
{"action":"create","eventId":"94defb93-8acf-48f3-b1e4-ec51b5b1e387","eventType":"ppe_item_created","level":"\u001b[32minfo\u001b[39m","message":"\u001b[32mAudit event processed\u001b[39m","resource":"ppe","timestamp":"2025-10-13 02:25:59:2559","userId":"68e75dfadcfd0d51f3698e2d"}
{"action":"unknown","eventId":"c987d44d-1467-4f49-af94-7e93e02d4f63","eventType":"system_health_check","level":"\u001b[32minfo\u001b[39m","message":"\u001b[32mAudit event processed\u001b[39m","resource":"system:kafka-monitor","timestamp":"2025-10-14 19:38:53:3853"}
{"eventId":"b7efc5dc-2c82-4f92-9a81-b9cbc1caf2d1","eventType":"system_health_check","level":"\u001b[32minfo\u001b[39m","message":"\u001b[32mAnalytics event processed\u001b[39m","timestamp":"2025-10-17 01:03:48:348"}
{"eventId":"9d9b9123-6cee-4fe4-a6a9-58a5d5502cc0","eventType":"system_health_check","level":"\u001b[32minfo\u001b[39m","message":"\u001b[32mAnalytics event processed\u001b[39m","timestamp":"2025-10-17 01:04:18:418"}
{"eventId":"98c62d31-154f-45b0-bcae-a8c5ec4c39bf","eventType":"system_health_check","level":"\u001b[32minfo\u001b[39m","message":"\u001b[32mAnalytics event processed\u001b[39m","timestamp":"2025-10-17 01:04:48:448"}
{"eventId":"5d67effc-ce61-45fa-9653-dbbd4c671335","eventType":"system_health_check","level":"\u001b[32minfo\u001b[39m","message":"\u001b[32mAnalytics event processed\u001b[39m","timestamp":"2025-10-17 01:05:18:518"}
{"eventId":"f3bf0b62-0f3c-46f0-ad3d-288ca2d57b79","eventType":"system_health_check","level":"\u001b[32minfo\u001b[39m","message":"\u001b[32mAnalytics event processed\u001b[39m","timestamp":"2025-10-17 01:19:36:1936"}
{"eventId":"9d841476-cfac-481d-a7f2-b2d5244eae33","eventType":"system_health_check","level":"\u001b[32minfo\u001b[39m","message":"\u001b[32mAnalytics event processed\u001b[39m","timestamp":"2025-10-17 01:20:06:206"}
{"eventId":"e2927668-6e8f-4111-932b-06246a79df7a","eventType":"system_health_check","level":"\u001b[32minfo\u001b[39m","message":"\u001b[32mAnalytics event processed\u001b[39m","timestamp":"2025-10-17 01:20:36:2036"}
{"eventId":"55d0a211-b53d-4ecb-a855-8c3b567518d7","eventType":"system_health_check","level":"\u001b[32minfo\u001b[39m","message":"\u001b[32mAnalytics event processed\u001b[39m","timestamp":"2025-10-17 01:21:06:216"}
{"eventId":"48212f15-40b1-4780-b822-a3f70254dcbe","eventType":"system_health_check","level":"\u001b[32minfo\u001b[39m","message":"\u001b[32mAnalytics event processed\u001b[39m","timestamp":"2025-10-17 01:21:36:2136"}
{"eventId":"a5798fe4-e34d-48a5-8ae8-12b6c3738260","eventType":"system_health_check","level":"\u001b[32minfo\u001b[39m","message":"\u001b[32mAnalytics event processed\u001b[39m","timestamp":"2025-10-17 01:22:06:226"}
{"eventId":"45010961-3c68-4877-b121-a82469dd17a3","eventType":"system_health_check","level":"\u001b[32minfo\u001b[39m","message":"\u001b[32mAnalytics event processed\u001b[39m","timestamp":"2025-10-17 01:22:36:2236"}
{"eventId":"480488a3-4d1d-4cf8-8087-a76feb9068cb","eventType":"system_health_check","level":"\u001b[32minfo\u001b[39m","message":"\u001b[32mAnalytics event processed\u001b[39m","timestamp":"2025-10-17 01:23:06:236"}
{"eventId":"ef0fda55-12f6-4161-9ab9-0006f7c374c5","eventType":"system_health_check","level":"\u001b[32minfo\u001b[39m","message":"\u001b[32mAnalytics event processed\u001b[39m","timestamp":"2025-10-17 01:23:36:2336"}
{"eventId":"b86c8fe1-b52e-4bf7-a420-bbe5c1325b20","eventType":"system_health_check","level":"\u001b[32minfo\u001b[39m","message":"\u001b[32mAnalytics event processed\u001b[39m","timestamp":"2025-10-17 01:24:06:246"}
{"eventId":"744fb67c-095a-4b94-86ce-5685871b6f6f","eventType":"system_health_check","level":"\u001b[32minfo\u001b[39m","message":"\u001b[32mAnalytics event processed\u001b[39m","timestamp":"2025-10-17 01:24:36:2436"}
{"eventId":"a84a0992-0a17-4f12-8e00-c8e63d1ed79a","eventType":"system_health_check","level":"\u001b[32minfo\u001b[39m","message":"\u001b[32mAnalytics event processed\u001b[39m","timestamp":"2025-10-17 01:25:06:256"}
{"eventId":"342dc7c8-b178-4aaf-9b32-a623571cf3e6","eventType":"system_health_check","level":"\u001b[32minfo\u001b[39m","message":"\u001b[32mAnalytics event processed\u001b[39m","timestamp":"2025-10-17 01:25:36:2536"}
{"eventId":"9b0c3a80-e311-400b-a6e4-e28cd7466b1b","eventType":"system_health_check","level":"\u001b[32minfo\u001b[39m","message":"\u001b[32mAnalytics event processed\u001b[39m","timestamp":"2025-10-17 01:26:06:266"}
{"eventId":"37db8330-a7da-4f32-946e-831ee65c4f76","eventType":"system_health_check","level":"\u001b[32minfo\u001b[39m","message":"\u001b[32mAnalytics event processed\u001b[39m","timestamp":"2025-10-17 01:26:36:2636"}
{"eventId":"42f4e280-24cc-4b25-9d24-2d1efb02481b","eventType":"system_health_check","level":"\u001b[32minfo\u001b[39m","message":"\u001b[32mAnalytics event processed\u001b[39m","timestamp":"2025-10-17 01:27:06:276"}
{"eventId":"e50c30ec-a2cd-4be6-a76c-00d692a8f290","eventType":"system_health_check","level":"\u001b[32minfo\u001b[39m","message":"\u001b[32mAnalytics event processed\u001b[39m","timestamp":"2025-10-17 01:27:36:2736"}
{"eventId":"c838bab5-0930-4261-aa2f-bfc265523f17","eventType":"system_health_check","level":"\u001b[32minfo\u001b[39m","message":"\u001b[32mAnalytics event processed\u001b[39m","timestamp":"2025-10-17 01:28:06:286"}
{"eventId":"e6037a2a-e2ce-46e3-8b53-08843bc1eb9f","eventType":"system_health_check","level":"\u001b[32minfo\u001b[39m","message":"\u001b[32mAnalytics event processed\u001b[39m","timestamp":"2025-10-17 01:28:36:2836"}
{"eventId":"cb7c0f8f-0b23-4e8b-aa7a-1cf0be3a4617","eventType":"system_health_check","level":"\u001b[32minfo\u001b[39m","message":"\u001b[32mAnalytics event processed\u001b[39m","timestamp":"2025-10-17 01:29:06:296"}
{"eventId":"fd5219b3-faf4-49ab-acd2-546d4a1efebe","eventType":"system_health_check","level":"\u001b[32minfo\u001b[39m","message":"\u001b[32mAnalytics event processed\u001b[39m","timestamp":"2025-10-17 01:29:36:2936"}
{"eventId":"f0678a8b-faf9-4e4b-a4b4-ffaaedd4cc9a","eventType":"system_health_check","level":"\u001b[32minfo\u001b[39m","message":"\u001b[32mAnalytics event processed\u001b[39m","timestamp":"2025-10-17 01:30:06:306"}
{"eventId":"e2ad256a-7b65-4c33-b19b-f7cd1333d8cb","eventType":"system_health_check","level":"\u001b[32minfo\u001b[39m","message":"\u001b[32mAnalytics event processed\u001b[39m","timestamp":"2025-10-17 01:30:36:3036"}
{"eventId":"91c58c04-4b89-4760-be1c-386bfe7d2251","eventType":"system_health_check","level":"\u001b[32minfo\u001b[39m","message":"\u001b[32mAnalytics event processed\u001b[39m","timestamp":"2025-10-17 01:31:06:316"}
{"eventId":"cf8746ec-e2e3-4326-a633-56ee99a1df2c","eventType":"system_health_check","level":"\u001b[32minfo\u001b[39m","message":"\u001b[32mAnalytics event processed\u001b[39m","timestamp":"2025-10-17 01:31:36:3136"}
{"eventId":"26f5c67f-d13a-4c4a-aacb-6b5a66d50c01","eventType":"system_health_check","level":"\u001b[32minfo\u001b[39m","message":"\u001b[32mAnalytics event processed\u001b[39m","timestamp":"2025-10-17 01:32:06:326"}
{"eventId":"9f47fa77-ff13-495a-8f48-9ff540429793","eventType":"system_health_check","level":"\u001b[32minfo\u001b[39m","message":"\u001b[32mAnalytics event processed\u001b[39m","timestamp":"2025-10-17 01:32:36:3236"}
{"eventId":"d16a424c-a7a8-4c74-ac53-11b110846db9","eventType":"system_health_check","level":"\u001b[32minfo\u001b[39m","message":"\u001b[32mAnalytics event processed\u001b[39m","timestamp":"2025-10-17 01:33:06:336"}
{"eventId":"a4ebf2ba-a09b-404a-abdb-90516b3d92f9","eventType":"system_health_check","level":"\u001b[32minfo\u001b[39m","message":"\u001b[32mAnalytics event processed\u001b[39m","timestamp":"2025-10-17 01:33:36:3336"}
{"eventId":"3b7ddda0-796b-4595-8bb4-934dcfde174d","eventType":"system_health_check","level":"\u001b[32minfo\u001b[39m","message":"\u001b[32mAnalytics event processed\u001b[39m","timestamp":"2025-10-17 01:34:06:346"}
{"eventId":"b2124428-c8d5-43c7-9242-875ca0c9aba1","eventType":"system_health_check","level":"\u001b[32minfo\u001b[39m","message":"\u001b[32mAnalytics event processed\u001b[39m","timestamp":"2025-10-17 01:34:36:3436"}
{"eventId":"ee075156-cc53-4a46-aafd-928452a8c47c","eventType":"system_health_check","level":"\u001b[32minfo\u001b[39m","message":"\u001b[32mAnalytics event processed\u001b[39m","timestamp":"2025-10-17 01:35:06:356"}
{"eventId":"5531ea87-ba00-4de1-b472-0bec5ca51440","eventType":"system_health_check","level":"\u001b[32minfo\u001b[39m","message":"\u001b[32mAnalytics event processed\u001b[39m","timestamp":"2025-10-17 01:35:36:3536"}
