{"timestamp":"2025-12-22T14:22:05.291Z","level":"INFO","message":"WebSocket service initialized","metadata":{},"pid":392,"hostname":"MSI"}
{"timestamp":"2025-12-22T14:22:05.309Z","level":"INFO","message":"PPE expiry check job started - runs daily at 9:00 AM","metadata":{},"pid":392,"hostname":"MSI"}
{"timestamp":"2025-12-22T14:22:05.310Z","level":"INFO","message":"PPE overdue check job started - runs daily at 08:30 AM","metadata":{},"pid":392,"hostname":"MSI"}
{"timestamp":"2025-12-22T14:22:05.326Z","level":"INFO","message":"User connected","metadata":{"socketId":"oJwV40ZiVBli0iMBAAAB"},"pid":392,"hostname":"MSI"}
{"timestamp":"2025-12-22T14:22:05.329Z","level":"INFO","message":"User authenticated via WebSocket","metadata":{"userId":"69393cf4fe0fa8fc1de1387c","role":"Department Head","tenantId":null,"socketId":"oJwV40ZiVBli0iMBAAAB"},"pid":392,"hostname":"MSI"}
{"timestamp":"2025-12-22T14:22:09.693Z","level":"INFO","message":"User connected","metadata":{"socketId":"LhZWyyQedk3-enyyAAAD"},"pid":392,"hostname":"MSI"}
{"timestamp":"2025-12-22T14:22:09.695Z","level":"INFO","message":"User authenticated via WebSocket","metadata":{"userId":"69393cf4fe0fa8fc1de1387c","role":"Department Head","tenantId":null,"socketId":"LhZWyyQedk3-enyyAAAD"},"pid":392,"hostname":"MSI"}
{"timestamp":"2025-12-22T14:22:27.644Z","level":"INFO","message":"User disconnected","metadata":{"userId":"69393cf4fe0fa8fc1de1387c","socketId":"oJwV40ZiVBli0iMBAAAB"},"pid":392,"hostname":"MSI"}
{"timestamp":"2025-12-22T14:22:27.646Z","level":"INFO","message":"User disconnected","metadata":{"userId":"69393cf4fe0fa8fc1de1387c","socketId":"LhZWyyQedk3-enyyAAAD"},"pid":392,"hostname":"MSI"}
{"timestamp":"2025-12-22T14:22:35.569Z","level":"INFO","message":"User connected","metadata":{"socketId":"G3mKf5SWOOhzUbAmAAAG"},"pid":392,"hostname":"MSI"}
{"timestamp":"2025-12-22T14:22:35.570Z","level":"INFO","message":"User authenticated via WebSocket","metadata":{"userId":"69393cf4fe0fa8fc1de1387c","role":"Department Head","tenantId":null,"socketId":"G3mKf5SWOOhzUbAmAAAG"},"pid":392,"hostname":"MSI"}
{"timestamp":"2025-12-22T14:22:38.950Z","level":"INFO","message":"Weather fetched","metadata":{"latencyMs":919,"cacheKey":"weather:15.9656:108.2559:undefined:temperature_2m,relativehumidity_2m,apparent_temperature,precipitation,weathercode,cloudcover,windspeed_10m,winddirection_10m,windgusts_10m,uv_index,visibility,is_day"},"pid":392,"hostname":"MSI"}
{"timestamp":"2025-12-22T14:22:39.071Z","level":"INFO","message":"Air quality fetched","metadata":{"latencyMs":918,"cacheKey":"airquality:15.9656:108.2559"},"pid":392,"hostname":"MSI"}
{"timestamp":"2025-12-22T14:22:43.334Z","level":"INFO","message":"User disconnected","metadata":{"userId":"69393cf4fe0fa8fc1de1387c","socketId":"G3mKf5SWOOhzUbAmAAAG"},"pid":392,"hostname":"MSI"}
{"timestamp":"2025-12-22T14:22:52.312Z","level":"INFO","message":"User connected","metadata":{"socketId":"LjgqhUTrMJpmWFIRAAAJ"},"pid":392,"hostname":"MSI"}
{"timestamp":"2025-12-22T14:22:52.314Z","level":"INFO","message":"User authenticated via WebSocket","metadata":{"userId":"693001f5d4c22c766d371c57","role":"Department Head","tenantId":null,"socketId":"LjgqhUTrMJpmWFIRAAAJ"},"pid":392,"hostname":"MSI"}
{"timestamp":"2025-12-22T14:22:59.486Z","level":"INFO","message":"Weather fetched","metadata":{"latencyMs":211,"cacheKey":"weather:15.966514:108.256157:undefined:temperature_2m,relativehumidity_2m,apparent_temperature,precipitation,weathercode,cloudcover,windspeed_10m,winddirection_10m,windgusts_10m,uv_index,visibility,is_day"},"pid":392,"hostname":"MSI"}
{"timestamp":"2025-12-22T14:23:00.128Z","level":"INFO","message":"Air quality fetched","metadata":{"latencyMs":852,"cacheKey":"airquality:15.966514:108.256157"},"pid":392,"hostname":"MSI"}
{"timestamp":"2025-12-22T14:23:16.663Z","level":"INFO","message":"User disconnected","metadata":{"userId":"693001f5d4c22c766d371c57","socketId":"LjgqhUTrMJpmWFIRAAAJ"},"pid":392,"hostname":"MSI"}
{"timestamp":"2025-12-22T14:23:17.149Z","level":"INFO","message":"User connected","metadata":{"socketId":"AmYu8NqY7cBMaLbMAAAM"},"pid":392,"hostname":"MSI"}
{"timestamp":"2025-12-22T14:23:17.150Z","level":"INFO","message":"User authenticated via WebSocket","metadata":{"userId":"693001f5d4c22c766d371c57","role":"Department Head","tenantId":null,"socketId":"AmYu8NqY7cBMaLbMAAAM"},"pid":392,"hostname":"MSI"}
{"timestamp":"2025-12-22T14:23:51.865Z","level":"INFO","message":"Notifications sent to multiple users","metadata":{"total":124,"success":124,"failed":0,"tenantId":"692f1ab190adce349220ffb3"},"pid":392,"hostname":"MSI"}
{"timestamp":"2025-12-22T14:23:51.866Z","level":"INFO","message":"Course set created notification sent","metadata":{"courseSetId":"6949544edff794db85a24954","tenantId":"692f1ab190adce349220ffb3"},"pid":392,"hostname":"MSI"}
{"timestamp":"2025-12-22T14:24:06.693Z","level":"INFO","message":"User disconnected","metadata":{"userId":"693001f5d4c22c766d371c57","socketId":"AmYu8NqY7cBMaLbMAAAM"},"pid":392,"hostname":"MSI"}
{"timestamp":"2025-12-22T14:24:07.092Z","level":"INFO","message":"User connected","metadata":{"socketId":"w-RmTYyXM5zBnGrEAAAR"},"pid":392,"hostname":"MSI"}
{"timestamp":"2025-12-22T14:24:07.093Z","level":"INFO","message":"User authenticated via WebSocket","metadata":{"userId":"693001f5d4c22c766d371c57","role":"Department Head","tenantId":null,"socketId":"w-RmTYyXM5zBnGrEAAAR"},"pid":392,"hostname":"MSI"}
{"timestamp":"2025-12-22T14:24:44.235Z","level":"INFO","message":"User disconnected","metadata":{"userId":"693001f5d4c22c766d371c57","socketId":"w-RmTYyXM5zBnGrEAAAR"},"pid":392,"hostname":"MSI"}
{"timestamp":"2025-12-22T14:24:44.660Z","level":"INFO","message":"User connected","metadata":{"socketId":"_nO9mfRGKyDuaVXkAAAV"},"pid":392,"hostname":"MSI"}
{"timestamp":"2025-12-22T14:24:44.662Z","level":"INFO","message":"User authenticated via WebSocket","metadata":{"userId":"693001f5d4c22c766d371c57","role":"Department Head","tenantId":null,"socketId":"_nO9mfRGKyDuaVXkAAAV"},"pid":392,"hostname":"MSI"}
{"timestamp":"2025-12-22T14:25:01.394Z","level":"INFO","message":"Notifications sent to multiple users","metadata":{"total":124,"success":124,"failed":0,"tenantId":"692f1ab190adce349220ffb3"},"pid":392,"hostname":"MSI"}
{"timestamp":"2025-12-22T14:25:01.394Z","level":"INFO","message":"Training session created notification sent","metadata":{"sessionId":"694954a9dff794db85a24b84","tenantId":"692f1ab190adce349220ffb3"},"pid":392,"hostname":"MSI"}
{"timestamp":"2025-12-22T14:26:09.264Z","level":"INFO","message":"User disconnected","metadata":{"userId":"693001f5d4c22c766d371c57","socketId":"_nO9mfRGKyDuaVXkAAAV"},"pid":392,"hostname":"MSI"}
{"timestamp":"2025-12-22T14:26:34.434Z","level":"INFO","message":"User connected","metadata":{"socketId":"hk0sP7pxGyCuTM1TAAAY"},"pid":392,"hostname":"MSI"}
{"timestamp":"2025-12-22T14:26:34.436Z","level":"INFO","message":"User authenticated via WebSocket","metadata":{"userId":"692fe64ea505fa8c97485c4f","role":"Department Manager","tenantId":null,"socketId":"hk0sP7pxGyCuTM1TAAAY"},"pid":392,"hostname":"MSI"}
{"timestamp":"2025-12-22T14:26:57.096Z","level":"INFO","message":"User disconnected","metadata":{"userId":"692fe64ea505fa8c97485c4f","socketId":"hk0sP7pxGyCuTM1TAAAY"},"pid":392,"hostname":"MSI"}
{"timestamp":"2025-12-22T14:27:10.295Z","level":"INFO","message":"User connected","metadata":{"socketId":"GWNBHu7Xh4iBxCrbAAAb"},"pid":392,"hostname":"MSI"}
{"timestamp":"2025-12-22T14:27:10.297Z","level":"INFO","message":"User authenticated via WebSocket","metadata":{"userId":"693d216842ce47030aba2909","role":"Employee","tenantId":null,"socketId":"GWNBHu7Xh4iBxCrbAAAb"},"pid":392,"hostname":"MSI"}
{"timestamp":"2025-12-22T14:27:46.006Z","level":"INFO","message":"User disconnected","metadata":{"userId":"693d216842ce47030aba2909","socketId":"GWNBHu7Xh4iBxCrbAAAb"},"pid":392,"hostname":"MSI"}
{"timestamp":"2025-12-22T14:27:46.406Z","level":"INFO","message":"User connected","metadata":{"socketId":"S82JqmP2_koMwa_cAAAe"},"pid":392,"hostname":"MSI"}
{"timestamp":"2025-12-22T14:27:46.407Z","level":"INFO","message":"User authenticated via WebSocket","metadata":{"userId":"693d216842ce47030aba2909","role":"Employee","tenantId":null,"socketId":"S82JqmP2_koMwa_cAAAe"},"pid":392,"hostname":"MSI"}
{"timestamp":"2025-12-22T14:28:04.479Z","level":"INFO","message":"PPE expiry check job stopped","metadata":{},"pid":392,"hostname":"MSI"}
{"timestamp":"2025-12-22T14:28:07.922Z","level":"INFO","message":"WebSocket service initialized","metadata":{},"pid":13180,"hostname":"MSI"}
{"timestamp":"2025-12-22T14:28:07.950Z","level":"INFO","message":"PPE expiry check job started - runs daily at 9:00 AM","metadata":{},"pid":13180,"hostname":"MSI"}
{"timestamp":"2025-12-22T14:28:07.952Z","level":"INFO","message":"PPE overdue check job started - runs daily at 08:30 AM","metadata":{},"pid":13180,"hostname":"MSI"}
{"timestamp":"2025-12-22T14:28:08.024Z","level":"INFO","message":"User connected","metadata":{"socketId":"hu6wXhKSPtT9E1zYAAAB"},"pid":13180,"hostname":"MSI"}
{"timestamp":"2025-12-22T14:28:08.027Z","level":"INFO","message":"User authenticated via WebSocket","metadata":{"userId":"693d216842ce47030aba2909","role":"Employee","tenantId":null,"socketId":"hu6wXhKSPtT9E1zYAAAB"},"pid":13180,"hostname":"MSI"}
{"timestamp":"2025-12-22T14:28:10.869Z","level":"INFO","message":"User disconnected","metadata":{"userId":"693d216842ce47030aba2909","socketId":"hu6wXhKSPtT9E1zYAAAB"},"pid":13180,"hostname":"MSI"}
{"timestamp":"2025-12-22T14:28:11.191Z","level":"INFO","message":"User connected","metadata":{"socketId":"Cnw8PCZyZ_VtCbrmAAAG"},"pid":13180,"hostname":"MSI"}
{"timestamp":"2025-12-22T14:28:11.193Z","level":"INFO","message":"User authenticated via WebSocket","metadata":{"userId":"693d216842ce47030aba2909","role":"Employee","tenantId":null,"socketId":"Cnw8PCZyZ_VtCbrmAAAG"},"pid":13180,"hostname":"MSI"}
{"timestamp":"2025-12-22T14:28:14.123Z","level":"INFO","message":"Air quality fetched","metadata":{"latencyMs":902,"cacheKey":"airquality:15.966514:108.256157"},"pid":13180,"hostname":"MSI"}
{"timestamp":"2025-12-22T14:28:14.129Z","level":"INFO","message":"Weather fetched","metadata":{"latencyMs":909,"cacheKey":"weather:15.966514:108.256157:undefined:temperature_2m,relativehumidity_2m,apparent_temperature,precipitation,weathercode,cloudcover,windspeed_10m,winddirection_10m,windgusts_10m,uv_index,visibility,is_day"},"pid":13180,"hostname":"MSI"}
{"timestamp":"2025-12-22T14:28:17.071Z","level":"INFO","message":"User disconnected","metadata":{"userId":"693d216842ce47030aba2909","socketId":"Cnw8PCZyZ_VtCbrmAAAG"},"pid":13180,"hostname":"MSI"}
{"timestamp":"2025-12-22T14:28:17.353Z","level":"INFO","message":"User connected","metadata":{"socketId":"v0ICZ3I-hIEnHp7bAAAK"},"pid":13180,"hostname":"MSI"}
{"timestamp":"2025-12-22T14:28:17.355Z","level":"INFO","message":"User authenticated via WebSocket","metadata":{"userId":"693d216842ce47030aba2909","role":"Employee","tenantId":null,"socketId":"v0ICZ3I-hIEnHp7bAAAK"},"pid":13180,"hostname":"MSI"}
{"timestamp":"2025-12-22T14:28:49.849Z","level":"INFO","message":"User disconnected","metadata":{"userId":"693d216842ce47030aba2909","socketId":"v0ICZ3I-hIEnHp7bAAAK"},"pid":13180,"hostname":"MSI"}
{"timestamp":"2025-12-22T14:28:50.151Z","level":"INFO","message":"User connected","metadata":{"socketId":"_IH5OSvN-6G53gQ1AAAO"},"pid":13180,"hostname":"MSI"}
{"timestamp":"2025-12-22T14:28:50.153Z","level":"INFO","message":"User authenticated via WebSocket","metadata":{"userId":"693d216842ce47030aba2909","role":"Employee","tenantId":null,"socketId":"_IH5OSvN-6G53gQ1AAAO"},"pid":13180,"hostname":"MSI"}
{"timestamp":"2025-12-22T14:29:06.991Z","level":"INFO","message":"User disconnected","metadata":{"userId":"693d216842ce47030aba2909","socketId":"_IH5OSvN-6G53gQ1AAAO"},"pid":13180,"hostname":"MSI"}
{"timestamp":"2025-12-22T14:29:18.643Z","level":"INFO","message":"User connected","metadata":{"socketId":"yN1OJ7R0b5bNCJenAAAR"},"pid":13180,"hostname":"MSI"}
{"timestamp":"2025-12-22T14:29:18.644Z","level":"INFO","message":"User authenticated via WebSocket","metadata":{"userId":"693001f5d4c22c766d371c57","role":"Department Head","tenantId":null,"socketId":"yN1OJ7R0b5bNCJenAAAR"},"pid":13180,"hostname":"MSI"}
{"timestamp":"2025-12-22T14:29:37.331Z","level":"INFO","message":"User disconnected","metadata":{"userId":"693001f5d4c22c766d371c57","socketId":"yN1OJ7R0b5bNCJenAAAR"},"pid":13180,"hostname":"MSI"}
{"timestamp":"2025-12-22T15:11:15.175Z","level":"INFO","message":"PPE expiry check job stopped","metadata":{},"pid":13180,"hostname":"MSI"}
